exitCode=1
head=c0727984f3a83a45a3998f2f72c51aa6de362ade
--- last 320 lines ---
  duration_ms: 0.692522
  type: 'test'
  ...
# Subtest: independent evidence group requires Selection source id
ok 365 - independent evidence group requires Selection source id
  ---
  duration_ms: 0.368895
  type: 'test'
  ...
# Subtest: published machine UI section titles never expose internal category identifiers
ok 366 - published machine UI section titles never expose internal category identifiers
  ---
  duration_ms: 39.856566
  type: 'test'
  ...
# Subtest: selection summary requiredTrials never publishes migration placeholder units
ok 367 - selection summary requiredTrials never publishes migration placeholder units
  ---
  duration_ms: 33.916365
  type: 'test'
  ...
# Subtest: Eureka legacy reference-only inputs are not published after selection-policy migration
ok 368 - Eureka legacy reference-only inputs are not published after selection-policy migration
  ---
  duration_ms: 0.422163
  type: 'test'
  ...
# Subtest: S_REVUE_STARLIGHT_CX user-verified UI lock
ok 369 - S_REVUE_STARLIGHT_CX user-verified UI lock
  ---
  duration_ms: 3.110979
  type: 'test'
  ...
# Subtest: user-verified UX contracts remain compatible with generated machine packages
ok 370 - user-verified UX contracts remain compatible with generated machine packages
  ---
  duration_ms: 5.609784
  type: 'test'
  ...
# Subtest: known unresolved historical UX is REVIEW, not silently guessed or treated as ERROR
ok 371 - known unresolved historical UX is REVIEW, not silently guessed or treated as ERROR
  ---
  duration_ms: 1.017611
  type: 'test'
  ...
# Subtest: Isekai Quartet protects the verified absence of generic current-games inputs
ok 372 - Isekai Quartet protects the verified absence of generic current-games inputs
  ---
  duration_ms: 0.943862
  type: 'test'
  ...
# Subtest: L_MONSTER_HUNTER_RISE_XA: every active Selection Feature has a usable Observation v2 mapping
ok 373 - L_MONSTER_HUNTER_RISE_XA: every active Selection Feature has a usable Observation v2 mapping
  ---
  duration_ms: 1.837921
  type: 'test'
  ...
# Subtest: L_SHIN_IKKITOUSEN_V: every active Selection Feature has a usable Observation v2 mapping
ok 374 - L_SHIN_IKKITOUSEN_V: every active Selection Feature has a usable Observation v2 mapping
  ---
  duration_ms: 0.513507
  type: 'test'
  ...
# Subtest: S_GRANBELM_ZX: every active Selection Feature has a usable Observation v2 mapping
ok 375 - S_GRANBELM_ZX: every active Selection Feature has a usable Observation v2 mapping
  ---
  duration_ms: 0.658581
  type: 'test'
  ...
# Subtest: S_ODANOBUNA_ZENKOKU_SNT: every active Selection Feature has a usable Observation v2 mapping
ok 376 - S_ODANOBUNA_ZENKOKU_SNT: every active Selection Feature has a usable Observation v2 mapping
  ---
  duration_ms: 0.346401
  type: 'test'
  ...
# Subtest: Granbelm Nakami mappings remain cycle-condition separated
ok 377 - Granbelm Nakami mappings remain cycle-condition separated
  ---
  duration_ms: 0.400792
  type: 'test'
  ...
# Subtest: v6.4 causal review has no unresolved candidates
ok 378 - v6.4 causal review has no unresolved candidates
  ---
  duration_ms: 231.058386
  type: 'test'
  ...
# Subtest: review mapping remains exact for the current causal-reason candidate set
ok 379 - review mapping remains exact for the current causal-reason candidate set
  ---
  duration_ms: 168.143615
  type: 'test'
  ...
# Subtest: finds legacy evidence-overlap numeric rejection even on old schema
ok 380 - finds legacy evidence-overlap numeric rejection even on old schema
  ---
  duration_ms: 11.834205
  type: 'test'
  ...
# Subtest: all-zero pseudo probabilities used only as Evidence sentinel are not numeric candidates
ok 381 - all-zero pseudo probabilities used only as Evidence sentinel are not numeric candidates
  ---
  duration_ms: 1.093463
  type: 'test'
  ...
# Subtest: generic BIG/REG wording alone does not imply same observation as ending-screen Evidence
ok 382 - generic BIG/REG wording alone does not imply same observation as ending-screen Evidence
  ---
  duration_ms: 1.257635
  type: 'test'
  ...
# Subtest: missing legacy scalar feature is treated as consolidated when its input is owned by an active composite
ok 383 - missing legacy scalar feature is treated as consolidated when its input is owned by an active composite
  ---
  duration_ms: 2.523472
  type: 'test'
  ...
# Subtest: undeclared package feature/evidence overlap is HIGH_RISK
ok 384 - undeclared package feature/evidence overlap is HIGH_RISK
  ---
  duration_ms: 1.291205
  type: 'test'
  ...
# Subtest: declared shared feature/evidence contract passes
ok 385 - declared shared feature/evidence contract passes
  ---
  duration_ms: 0.990961
  type: 'test'
  ...
# Subtest: all observation debt is classified without weakening inference gates
ok 386 - all observation debt is classified without weakening inference gates
  ---
  duration_ms: 49.45275
  type: 'test'
  ...
# Subtest: L_AKAME_GA_KILL_2: new Observation v2 covers every active inference Feature
ok 387 - L_AKAME_GA_KILL_2: new Observation v2 covers every active inference Feature
  ---
  duration_ms: 1.5529
  type: 'test'
  ...
# Subtest: L_GOD_EATER_RESURRECTION: new Observation v2 covers every active inference Feature
ok 388 - L_GOD_EATER_RESURRECTION: new Observation v2 covers every active inference Feature
  ---
  duration_ms: 0.387752
  type: 'test'
  ...
# Subtest: S_BUSOU_SHINKI: new Observation v2 covers every active inference Feature
ok 389 - S_BUSOU_SHINKI: new Observation v2 covers every active inference Feature
  ---
  duration_ms: 1.083408
  type: 'test'
  ...
# Subtest: S_FIRE_DRIFT: Observation v2 covers active inference Features
ok 390 - S_FIRE_DRIFT: Observation v2 covers active inference Features
  ---
  duration_ms: 1.728279
  type: 'test'
  ...
# Subtest: S_NINJA_JAJAMARU: Observation v2 covers active inference Features
ok 391 - S_NINJA_JAJAMARU: Observation v2 covers active inference Features
  ---
  duration_ms: 1.172059
  type: 'test'
  ...
# Subtest: L_ONE_PUNCH_MAN: Observation v2 covers active inference Features
ok 392 - L_ONE_PUNCH_MAN: Observation v2 covers active inference Features
  ---
  duration_ms: 0.408282
  type: 'test'
  ...
# Subtest: One Punch small roles are one mutually-exclusive observation universe
ok 393 - One Punch small roles are one mutually-exclusive observation universe
  ---
  duration_ms: 0.31858
  type: 'test'
  ...
# Subtest: Ninja Sakura clear uses one conditional visual-event observation
ok 394 - Ninja Sakura clear uses one conditional visual-event observation
  ---
  duration_ms: 0.35301
  type: 'test'
  ...
# Subtest: L_BOUNTY_ANGEL: Observation v2 covers active inference Features
ok 395 - L_BOUNTY_ANGEL: Observation v2 covers active inference Features
  ---
  duration_ms: 1.692556
  type: 'test'
  ...
# Subtest: L_ZOMBIE_LAND_SAGA: Observation v2 covers active inference Features
ok 396 - L_ZOMBIE_LAND_SAGA: Observation v2 covers active inference Features
  ---
  duration_ms: 1.390581
  type: 'test'
  ...
# Subtest: Bounty reset AT direct uses confirmed-reset sessions only
ok 397 - Bounty reset AT direct uses confirmed-reset sessions only
  ---
  duration_ms: 0.423735
  type: 'test'
  ...
# Subtest: Zombie WAF denominator and success share one CZ natural observation
ok 398 - Zombie WAF denominator and success share one CZ natural observation
  ---
  duration_ms: 0.312832
  type: 'test'
  ...
# Subtest: S_GAMERA2: Observation v2 covers every active inference Feature
ok 399 - S_GAMERA2: Observation v2 covers every active inference Feature
  ---
  duration_ms: 2.652392
  type: 'test'
  ...
# Subtest: S_WORD_OF_LIGHTS_2: Observation v2 covers every active inference Feature
ok 400 - S_WORD_OF_LIGHTS_2: Observation v2 covers every active inference Feature
  ---
  duration_ms: 0.4341
  type: 'test'
  ...
# Subtest: Gamera primary linked-service path is separate from manual bonus fallback
ok 401 - Gamera primary linked-service path is separate from manual bonus fallback
  ---
  duration_ms: 0.258771
  type: 'test'
  ...
# Subtest: Gamera ending screen is one four-category Numeric/Evidence observation
ok 402 - Gamera ending screen is one four-category Numeric/Evidence observation
  ---
  duration_ms: 0.401112
  type: 'test'
  ...
# Subtest: Gamera REG monster observation is multi-label, not a multinomial claim
ok 403 - Gamera REG monster observation is multi-label, not a multinomial claim
  ---
  duration_ms: 0.242728
  type: 'test'
  ...
# Subtest: Word primary Unimemo path is separate from BIG fallback
ok 404 - Word primary Unimemo path is separate from BIG fallback
  ---
  duration_ms: 0.309377
  type: 'test'
  ...
# Subtest: Word screen and magic keep full natural-observation categories
ok 405 - Word screen and magic keep full natural-observation categories
  ---
  duration_ms: 0.317738
  type: 'test'
  ...
# Subtest: clean v2 active Feature mapping passes
ok 406 - clean v2 active Feature mapping passes
  ---
  duration_ms: 3.106101
  type: 'test'
  ...
# Subtest: legacy v1 is REVIEW, while unresolved legacy surfaces are debt
ok 407 - legacy v1 is REVIEW, while unresolved legacy surfaces are debt
  ---
  duration_ms: 0.757217
  type: 'test'
  ...
# Subtest: missing active Feature mapping is REVIEW
ok 408 - missing active Feature mapping is REVIEW
  ---
  duration_ms: 0.589389
  type: 'test'
  ...
# Subtest: explicit incompatible active Feature is HIGH_RISK
ok 409 - explicit incompatible active Feature is HIGH_RISK
  ---
  duration_ms: 1.133082
  type: 'test'
  ...
# Subtest: missing referenced Observation is HIGH_RISK
ok 410 - missing referenced Observation is HIGH_RISK
  ---
  duration_ms: 0.647234
  type: 'test'
  ...
# Subtest: unresolved active Observation remains REVIEW even when general coverage debt also exists
ok 411 - unresolved active Observation remains REVIEW even when general coverage debt also exists
  ---
  duration_ms: 0.662787
  type: 'test'
  ...
# Subtest: unresolved unrelated source coverage alone is debt and does not fail active inference linkage
ok 412 - unresolved unrelated source coverage alone is debt and does not fail active inference linkage
  ---
  duration_ms: 0.641957
  type: 'test'
  ...
# Subtest: L_MOMOTARO_DENTETSU_TEIBAN_PU: unresolved Observation candidates are not published as active inference inputs
ok 413 - L_MOMOTARO_DENTETSU_TEIBAN_PU: unresolved Observation candidates are not published as active inference inputs
  ---
  duration_ms: 1.44393
  type: 'test'
  ...
# Subtest: L_SMASLO_DUNBINE_MF: unresolved Observation candidates are not published as active inference inputs
ok 414 - L_SMASLO_DUNBINE_MF: unresolved Observation candidates are not published as active inference inputs
  ---
  duration_ms: 0.683358
  type: 'test'
  ...
# Subtest: S_OVERLORD_II_SX: unresolved Observation candidates are not published as active inference inputs
ok 415 - S_OVERLORD_II_SX: unresolved Observation candidates are not published as active inference inputs
  ---
  duration_ms: 0.35246
  type: 'test'
  ...
1..415
# tests 415
# suites 0
# pass 413
# fail 2
# cancelled 0
# skipped 0
# todo 0
# duration_ms 9452.443665
BATCH ROLLBACK: restored catalog, difficulty catalog, machine registry and machine packages
ERROR: npm test failed with exit 1
