
> sloanalytica-public-data@1.0.0 machine:publish:batch
> node tools/batch-publish-pipeline.mjs --apply L_ULTRAMAN_KE L_GUILTY_CROWN_2_XF LB_JACKPOT_CY1 LB_1000CHAN_ALPHA_L3 L_DMC5_ST_XA S_KABANERI_ZR LB_NEW_PULSAR_BT_C9 LB_PREMIUM_UMAIBO_S1 L_TOLOVE_DARKNESS_S8 L_HANAGASA_NA

BATCH PUBLISH START: 10 machines / mode=APPLY

=== L_ULTRAMAN_KE ===
APPROVED: L_ULTRAMAN_KE
  sha256: 09d2484b18de75623879aab2f0a3108e328a2835e4c8dcb5403d65edf0350495
  approved: build/L_ULTRAMAN_KE/machine-package.approved.json
DRY_RUN_OK: L_ULTRAMAN_KE
  catalog: add / 0.1.0 / 26309 bytes
  sha256: 09d2484b18de75623879aab2f0a3108e328a2835e4c8dcb5403d65edf0350495
PUBLISHED_PENDING_BATCH_AUDIT: L_ULTRAMAN_KE
  catalog added
  sha256: 09d2484b18de75623879aab2f0a3108e328a2835e4c8dcb5403d65edf0350495
Difficulty Catalog sync: L_ULTRAMAN_KE (updated)
  Setting Band: NOT_APPLICABLE
  status: EVIDENCE_DOMINANT

=== L_GUILTY_CROWN_2_XF ===
APPROVED: L_GUILTY_CROWN_2_XF
  sha256: c5dddac960dcdc53f27d4b3e275f7f627b4ba6df88bd1382a414e19205fdfd5b
  approved: build/L_GUILTY_CROWN_2_XF/machine-package.approved.json
DRY_RUN_OK: L_GUILTY_CROWN_2_XF
  catalog: add / 0.1.0 / 13969 bytes
  sha256: c5dddac960dcdc53f27d4b3e275f7f627b4ba6df88bd1382a414e19205fdfd5b
PUBLISHED_PENDING_BATCH_AUDIT: L_GUILTY_CROWN_2_XF
  catalog added
  sha256: c5dddac960dcdc53f27d4b3e275f7f627b4ba6df88bd1382a414e19205fdfd5b
Difficulty Catalog sync: L_GUILTY_CROWN_2_XF (updated)
  Setting Band: NOT_APPLICABLE
  status: EVIDENCE_DOMINANT

=== LB_JACKPOT_CY1 ===
APPROVED: LB_JACKPOT_CY1
  sha256: ef1195e9b7378c9b978062b2d4eaa3fd63dfe4fcc34ba3f848967e91adfd5698
  approved: build/LB_JACKPOT_CY1/machine-package.approved.json
DRY_RUN_OK: LB_JACKPOT_CY1
  catalog: add / 0.1.0 / 9629 bytes
  sha256: ef1195e9b7378c9b978062b2d4eaa3fd63dfe4fcc34ba3f848967e91adfd5698
PUBLISHED_PENDING_BATCH_AUDIT: LB_JACKPOT_CY1
  catalog added
  sha256: ef1195e9b7378c9b978062b2d4eaa3fd63dfe4fcc34ba3f848967e91adfd5698
Difficulty Catalog sync: LB_JACKPOT_CY1 (updated)
  Setting Band: NOT_APPLICABLE
  status: NOT_READY

=== LB_1000CHAN_ALPHA_L3 ===
APPROVED: LB_1000CHAN_ALPHA_L3
  sha256: cbc55554dd3a884d9b6fdf364225b7c3ab6324410d489099db2103ef79fc7c14
  approved: build/LB_1000CHAN_ALPHA_L3/machine-package.approved.json
DRY_RUN_OK: LB_1000CHAN_ALPHA_L3
  catalog: add / 0.1.0 / 35407 bytes
  sha256: cbc55554dd3a884d9b6fdf364225b7c3ab6324410d489099db2103ef79fc7c14
PUBLISHED_PENDING_BATCH_AUDIT: LB_1000CHAN_ALPHA_L3
  catalog added
  sha256: cbc55554dd3a884d9b6fdf364225b7c3ab6324410d489099db2103ef79fc7c14
Difficulty Catalog sync: LB_1000CHAN_ALPHA_L3 (updated)
  Setting Band: NOT_APPLICABLE
  status: EVIDENCE_DOMINANT

=== L_DMC5_ST_XA ===
APPROVED: L_DMC5_ST_XA
  sha256: 632a481d0b36117bb22bb1d464e327aa7b4ac85b5ac1bf2ffb314fd3133c22fb
  approved: build/L_DMC5_ST_XA/machine-package.approved.json
DRY_RUN_OK: L_DMC5_ST_XA
  catalog: add / 0.1.0 / 34507 bytes
  sha256: 632a481d0b36117bb22bb1d464e327aa7b4ac85b5ac1bf2ffb314fd3133c22fb
PUBLISHED_PENDING_BATCH_AUDIT: L_DMC5_ST_XA
  catalog added
  sha256: 632a481d0b36117bb22bb1d464e327aa7b4ac85b5ac1bf2ffb314fd3133c22fb
Difficulty Catalog sync: L_DMC5_ST_XA (updated)
  Setting Band: NOT_APPLICABLE
  status: EVIDENCE_DOMINANT

=== S_KABANERI_ZR ===
APPROVED: S_KABANERI_ZR
  sha256: 150a54945682afcf1a662bdd51629b177d0b02c8006b875a628385bdf1c8ce06
  approved: build/S_KABANERI_ZR/machine-package.approved.json
DRY_RUN_OK: S_KABANERI_ZR
  catalog: update / 0.1.0 / 29685 bytes
  sha256: 150a54945682afcf1a662bdd51629b177d0b02c8006b875a628385bdf1c8ce06
PUBLISHED_PENDING_BATCH_AUDIT: S_KABANERI_ZR
  catalog updated
  sha256: 150a54945682afcf1a662bdd51629b177d0b02c8006b875a628385bdf1c8ce06
Difficulty Catalog sync: S_KABANERI_ZR (unchanged)
  Setting Band: NOT_APPLICABLE
  status: EVIDENCE_DOMINANT

=== LB_NEW_PULSAR_BT_C9 ===
APPROVED: LB_NEW_PULSAR_BT_C9
  sha256: 4dd88917ecd2f0f308f45bc2612dc270fd5d6b85bf105a0cb9a3d95b05f0083e
  approved: build/LB_NEW_PULSAR_BT_C9/machine-package.approved.json
DRY_RUN_OK: LB_NEW_PULSAR_BT_C9
  catalog: add / 0.1.0 / 16813 bytes
  sha256: 4dd88917ecd2f0f308f45bc2612dc270fd5d6b85bf105a0cb9a3d95b05f0083e
PUBLISHED_PENDING_BATCH_AUDIT: LB_NEW_PULSAR_BT_C9
  catalog added
  sha256: 4dd88917ecd2f0f308f45bc2612dc270fd5d6b85bf105a0cb9a3d95b05f0083e
Difficulty Catalog sync: LB_NEW_PULSAR_BT_C9 (updated)
  Setting Band: NOT_APPLICABLE
  status: NOT_READY

=== LB_PREMIUM_UMAIBO_S1 ===
APPROVED: LB_PREMIUM_UMAIBO_S1
  sha256: 4b9fe2b406ff0c00bf1cfa228ee90e9810ff52ff23025ff123a02f99f374b452
  approved: build/LB_PREMIUM_UMAIBO_S1/machine-package.approved.json
DRY_RUN_OK: LB_PREMIUM_UMAIBO_S1
  catalog: add / 0.1.0 / 7312 bytes
  sha256: 4b9fe2b406ff0c00bf1cfa228ee90e9810ff52ff23025ff123a02f99f374b452
PUBLISHED_PENDING_BATCH_AUDIT: LB_PREMIUM_UMAIBO_S1
  catalog added
  sha256: 4b9fe2b406ff0c00bf1cfa228ee90e9810ff52ff23025ff123a02f99f374b452
Difficulty Catalog sync: LB_PREMIUM_UMAIBO_S1 (updated)
  Setting Band: NOT_APPLICABLE
  status: NOT_READY

=== L_TOLOVE_DARKNESS_S8 ===
APPROVED: L_TOLOVE_DARKNESS_S8
  sha256: a24070e1981721ea519253bbc224a4bd2f2fa807b28a6dec15862b6ec23c8854
  approved: build/L_TOLOVE_DARKNESS_S8/machine-package.approved.json
DRY_RUN_OK: L_TOLOVE_DARKNESS_S8
  catalog: add / 0.1.0 / 18800 bytes
  sha256: a24070e1981721ea519253bbc224a4bd2f2fa807b28a6dec15862b6ec23c8854
PUBLISHED_PENDING_BATCH_AUDIT: L_TOLOVE_DARKNESS_S8
  catalog added
  sha256: a24070e1981721ea519253bbc224a4bd2f2fa807b28a6dec15862b6ec23c8854
Difficulty Catalog sync: L_TOLOVE_DARKNESS_S8 (updated)
  Setting Band: NOT_APPLICABLE
  status: EVIDENCE_DOMINANT

=== L_HANAGASA_NA ===
APPROVED: L_HANAGASA_NA
  sha256: 965edbc4d44384469d0cc56609858c19957824635e4f4ec6e784f0609e31edcf
  approved: build/L_HANAGASA_NA/machine-package.approved.json
DRY_RUN_OK: L_HANAGASA_NA
  catalog: add / 0.1.0 / 5966 bytes
  sha256: 965edbc4d44384469d0cc56609858c19957824635e4f4ec6e784f0609e31edcf
PUBLISHED_PENDING_BATCH_AUDIT: L_HANAGASA_NA
  catalog added
  sha256: 965edbc4d44384469d0cc56609858c19957824635e4f4ec6e784f0609e31edcf
Difficulty Catalog sync: L_HANAGASA_NA (updated)
  Setting Band: NOT_APPLICABLE
  status: NOT_READY
Registry sync: added 9, updated 201 (changed)

=== REPOSITORY CHECKS (ONCE PER BATCH) ===

> sloanalytica-public-data@1.0.0 test
> node tools/guard-test-suite.mjs

TAP version 13
# Subtest: Accelerator preserves legacy CZ total as hidden compatibility input
ok 1 - Accelerator preserves legacy CZ total as hidden compatibility input
  ---
  duration_ms: 0.986819
  type: 'test'
  ...
# Subtest: Accelerator typed CZ total excludes legacy unknown-type history
ok 2 - Accelerator typed CZ total excludes legacy unknown-type history
  ---
  duration_ms: 0.108463
  type: 'test'
  ...
# Subtest: Accelerator conditional CZ type composition is a complete distribution
ok 3 - Accelerator conditional CZ type composition is a complete distribution
  ---
  duration_ms: 0.223415
  type: 'test'
  ...
# Subtest: Accelerator total-rate times conditional composition reproduces component rates within published rounding
ok 4 - Accelerator total-rate times conditional composition reproduces component rates within published rounding
  ---
  duration_ms: 0.214524
  type: 'test'
  ...
# Subtest: Accelerator Observation maps type counting to the new support feature
ok 5 - Accelerator Observation maps type counting to the new support feature
  ---
  duration_ms: 0.106403
  type: 'test'
  ...
# Subtest: Accelerator SET_3 CZ components agree with published CZ total within rounding tolerance
ok 6 - Accelerator SET_3 CZ components agree with published CZ total within rounding tolerance
  ---
  duration_ms: 1.106595
  type: 'test'
  ...
# Subtest: Accelerator derived CZ outcome uses the same SET_3 DUAL_CZ probability as resolved scalar feature
ok 7 - Accelerator derived CZ outcome uses the same SET_3 DUAL_CZ probability as resolved scalar feature
  ---
  duration_ms: 0.121882
  type: 'test'
  ...
# Subtest: Accelerator SET_3 dual-CZ source conflict remains auditable
ok 8 - Accelerator SET_3 dual-CZ source conflict remains auditable
  ---
  duration_ms: 0.09907
  type: 'test'
  ...
# Subtest: ranking is optional in universe
ok 9 - ranking is optional in universe
  ---
  duration_ms: 0.555569
  type: 'test'
  ...
# Subtest: bad lifecycle fails
ok 10 - bad lifecycle fails
  ---
  duration_ms: 0.102204
  type: 'test'
  ...
# Subtest: SelectionData observationScope values stay compatible with App validator
ok 11 - SelectionData observationScope values stay compatible with App validator
  ---
  duration_ms: 14.903434
  type: 'test'
  ...
# Subtest: 10-machine reverification patch tool is importable
ok 12 - 10-machine reverification patch tool is importable
  ---
  duration_ms: 0.499106
  type: 'test'
  ...
# Subtest: reverification tool fixes requested duplicate rejected labels and key candidates
ok 13 - reverification tool fixes requested duplicate rejected labels and key candidates
  ---
  duration_ms: 0.890999
  type: 'test'
  ...
# Subtest: UI Design compiles section descriptions, input contracts, evidence placement and quick input into MachinePackage
ok 14 - UI Design compiles section descriptions, input contracts, evidence placement and quick input into MachinePackage
  ---
  duration_ms: 1.044967
  type: 'test'
  ...
# Subtest: 正常Fixtureは成功する
ok 15 - 正常Fixtureは成功する
  ---
  duration_ms: 3.21901
  type: 'test'
  ...
# Subtest: 古いSHA・サイズはエラーになる
ok 16 - 古いSHA・サイズはエラーになる
  ---
  duration_ms: 0.994359
  type: 'test'
  ...
# Subtest: 未定義入力・不正確率・不足Capabilityを検出する
ok 17 - 未定義入力・不正確率・不足Capabilityを検出する
  ---
  duration_ms: 0.686921
  type: 'test'
  ...
# Subtest: auto_accumulatorの壊れた定義を検出する
ok 18 - auto_accumulatorの壊れた定義を検出する
  ---
  duration_ms: 1.035715
  type: 'test'
  ...
# Subtest: requiredCapabilities未記載でも安全にエラーとして報告する
ok 19 - requiredCapabilities未記載でも安全にエラーとして報告する
  ---
  duration_ms: 11.06902
  type: 'test'
  ...
# Subtest: 機械可読監査レポートを生成できる
ok 20 - 機械可読監査レポートを生成できる
  ---
  duration_ms: 0.979742
  type: 'test'
  ...
# Subtest: 監査レポートJSONを書き出せる
ok 21 - 監査レポートJSONを書き出せる
  ---
  duration_ms: 0.672218
  type: 'test'
  ...
# Subtest: catalogのSHA・サイズが一致していてもCRLFの公開MachineDataを拒否する
ok 22 - catalogのSHA・サイズが一致していてもCRLFの公開MachineDataを拒否する
  ---
  duration_ms: 1.208062
  type: 'test'
  ...
# Subtest: feature_suppression requires a valid referenced feature and declared capability
ok 23 - feature_suppression requires a valid referenced feature and declared capability
  ---
  duration_ms: 10.102465
  type: 'test'
  ...
# Subtest: UI linkage treats omitted Selection evidence selectionMode as multi
ok 24 - UI linkage treats omitted Selection evidence selectionMode as multi
  ---
  duration_ms: 22.610982
  type: 'test'
  ...
# Subtest: UI linkage still rejects an explicit incompatible Selection evidence selectionMode
ok 25 - UI linkage still rejects an explicit incompatible Selection evidence selectionMode
  ---
  duration_ms: 22.914655
  type: 'test'
  ...
# Subtest: backfill copies only existing published adoption rationale and is dry-run by default
ok 26 - backfill copies only existing published adoption rationale and is dry-run by default
  ---
  duration_ms: 1.005111
  type: 'test'
  ...
# Subtest: Bakemonogatari scores all three adopted numeric Features with explicit estimates
ok 27 - Bakemonogatari scores all three adopted numeric Features with explicit estimates
  ---
  duration_ms: 47.708199
  type: 'test'
  ...
# Subtest: Bakemonogatari keeps exact watermelon plus estimated AT/CZ exposure
ok 28 - Bakemonogatari keeps exact watermelon plus estimated AT/CZ exposure
  ---
  duration_ms: 35.515182
  type: 'test'
  ...
# Subtest: batch research completeness is mandatory when strict ingest is requested
ok 29 - batch research completeness is mandatory when strict ingest is requested
  ---
  duration_ms: 1.348602
  type: 'test'
  ...
# Subtest: batch research completeness requires every evidence and numeric surface
ok 30 - batch research completeness requires every evidence and numeric surface
  ---
  duration_ms: 0.330425
  type: 'test'
  ...
# Subtest: research completeness v2 requires machine menu cumulative investigation
ok 31 - research completeness v2 requires machine menu cumulative investigation
  ---
  duration_ms: 0.114603
  type: 'test'
  ...
# Subtest: legacy research completeness v1 remains valid outside new-ingest gate
ok 32 - legacy research completeness v1 remains valid outside new-ingest gate
  ---
  duration_ms: 0.118638
  type: 'test'
  ...
# Subtest: strict new research ingest rejects legacy completeness v1
ok 33 - strict new research ingest rejects legacy completeness v1
  ---
  duration_ms: 0.163156
  type: 'test'
  ...
# Subtest: machine menu investigation may remain UNRESOLVED for real-device follow-up
ok 34 - machine menu investigation may remain UNRESOLVED for real-device follow-up
  ---
  duration_ms: 0.107492
  type: 'test'
  ...
# Subtest: CHECKED research coverage requires concrete notes and known sources
ok 35 - CHECKED research coverage requires concrete notes and known sources
  ---
  duration_ms: 0.100202
  type: 'test'
  ...
# Subtest: UNRESOLVED research coverage remains explicit instead of being invented
ok 36 - UNRESOLVED research coverage remains explicit instead of being invented
  ---
  duration_ms: 0.090598
  type: 'test'
  ...
# Subtest: Research Evidence cannot silently disappear in SelectionData
ok 37 - Research Evidence cannot silently disappear in SelectionData
  ---
  duration_ms: 0.725705
  type: 'test'
  ...
# Subtest: every Research Evidence may be UI-referenced or explicitly excluded with reason
ok 38 - every Research Evidence may be UI-referenced or explicitly excluded with reason
  ---
  duration_ms: 0.276333
  type: 'test'
  ...
# Subtest: machine guard revalidates Research/Selection but routes UNRESOLVED to review
ok 39 - machine guard revalidates Research/Selection but routes UNRESOLVED to review
  ---
  duration_ms: 0.399315
  type: 'test'
  ...
# Subtest: strict research pipeline emits v2 menu completeness contract and gates ingest
ok 40 - strict research pipeline emits v2 menu completeness contract and gates ingest
  ---
  duration_ms: 0.114703
  type: 'test'
  ...
# Subtest: package scripts route batch generation through completeness guards
ok 41 - package scripts route batch generation through completeness guards
  ---
  duration_ms: 0.150847
  type: 'test'
  ...
# Subtest: normalizes duplicate requests and enforces batch limit
ok 42 - normalizes duplicate requests and enforces batch limit
  ---
  duration_ms: 5.497879
  type: 'test'
  ...
# Subtest: stage derivation follows research selection machine order
ok 43 - stage derivation follows research selection machine order
  ---
  duration_ms: 0.178571
  type: 'test'
  ...
# Subtest: overall status prioritizes blocked and reviews before required stages
ok 44 - overall status prioritizes blocked and reviews before required stages
  ---
  duration_ms: 0.160369
  type: 'test'
  ...
# Subtest: batch normalizes unique machine IDs
ok 45 - batch normalizes unique machine IDs
  ---
  duration_ms: 1.074681
  type: 'test'
  ...
# Subtest: batch rejects invalid machine IDs
ok 46 - batch rejects invalid machine IDs
  ---
  duration_ms: 0.313102
  type: 'test'
  ...
# Subtest: batch enforces 10-machine safety limit
ok 47 - batch enforces 10-machine safety limit
  ---
  duration_ms: 0.12282
  type: 'test'
  ...
# Subtest: batch rollback snapshot includes machine registry and generated reports
ok 48 - batch rollback snapshot includes machine registry and generated reports
  ---
  duration_ms: 0.21263
  type: 'test'
  ...
# Subtest: selection quality is mandatory for new machines and calibrated machines, but legacy packages remain compatible
ok 49 - selection quality is mandatory for new machines and calibrated machines, but legacy packages remain compatible
  ---
  duration_ms: 0.748439
  type: 'test'
  ...
# Subtest: clean validations and selection quality classify PASS
ok 50 - clean validations and selection quality classify PASS
  ---
  duration_ms: 0.193664
  type: 'test'
  ...
# Subtest: selection quality blocker classifies BLOCKED before generation
ok 51 - selection quality blocker classifies BLOCKED before generation
  ---
  duration_ms: 0.748769
  type: 'test'
  ...
# Subtest: selection quality review classifies REVIEW
ok 52 - selection quality review classifies REVIEW
  ---
  duration_ms: 0.136438
  type: 'test'
  ...
# Subtest: warnings or provisional naming classify REVIEW
ok 53 - warnings or provisional naming classify REVIEW
  ---
  duration_ms: 0.270903
  type: 'test'
  ...
# Subtest: rounded multinomial warning is resolved when Selection excludes the feature
ok 54 - rounded multinomial warning is resolved when Selection excludes the feature
  ---
  duration_ms: 0.340898
  type: 'test'
  ...
# Subtest: rounded multinomial warning is resolved by explicit bounded Selection normalization
ok 55 - rounded multinomial warning is resolved by explicit bounded Selection normalization
  ---
  duration_ms: 0.130712
  type: 'test'
  ...
# Subtest: unresolved selected rounded multinomial warning remains REVIEW
ok 56 - unresolved selected rounded multinomial warning remains REVIEW
  ---
  duration_ms: 0.066504
  type: 'test'
  ...
# Subtest: research conflict with current-schema resolved status is not surfaced as REVIEW
ok 57 - research conflict with current-schema resolved status is not surfaced as REVIEW
  ---
  duration_ms: 0.082131
  type: 'test'
  ...
# Subtest: legacy research conflict with explicit resolution is not surfaced as REVIEW
ok 58 - legacy research conflict with explicit resolution is not surfaced as REVIEW
  ---
  duration_ms: 0.035749
  type: 'test'
  ...
# Subtest: research conflict without resolution remains REVIEW
ok 59 - research conflict without resolution remains REVIEW
  ---
  duration_ms: 0.075659
  type: 'test'
  ...
# Subtest: validation failure classifies BLOCKED
ok 60 - validation failure classifies BLOCKED
  ---
  duration_ms: 0.046533
  type: 'test'
  ...
# Subtest: overall status prioritizes repository failure and BLOCKED over REVIEW
ok 61 - overall status prioritizes repository failure and BLOCKED over REVIEW
  ---
  duration_ms: 0.066183
  type: 'test'
  ...
# Subtest: batch publish normalizes duplicates and preserves order
ok 62 - batch publish normalizes duplicates and preserves order
  ---
  duration_ms: 1.057224
  type: 'test'
  ...
# Subtest: batch publish rejects invalid machine ids
ok 63 - batch publish rejects invalid machine ids
  ---
  duration_ms: 0.303879
  type: 'test'
  ...
# Subtest: batch publish enforces 10-machine safety limit
ok 64 - batch publish enforces 10-machine safety limit
  ---
  duration_ms: 0.114938
  type: 'test'
  ...
# Subtest: batch publish defaults to dry-run and requires explicit apply
ok 65 - batch publish defaults to dry-run and requires explicit apply
  ---
  duration_ms: 0.124538
  type: 'test'
  ...
# Subtest: batch publish parses file and keep-build flags
ok 66 - batch publish parses file and keep-build flags
  ---
  duration_ms: 0.132523
  type: 'test'
  ...
# Subtest: batch publish defers per-machine audit until all catalog entries are updated
ok 67 - batch publish defers per-machine audit until all catalog entries are updated
  ---
  duration_ms: 0.092158
  type: 'test'
  ...
# Subtest: batch safety extracts machine IDs only from machine-package paths
ok 68 - batch safety extracts machine IDs only from machine-package paths
  ---
  duration_ms: 0.211766
  type: 'test'
  ...
# Subtest: batch safety blocks machine-package changes outside requested IDs
ok 69 - batch safety blocks machine-package changes outside requested IDs
  ---
  duration_ms: 0.145294
  type: 'test'
  ...
# Subtest: batch safety allows only requested machine-package changes
ok 70 - batch safety allows only requested machine-package changes
  ---
  duration_ms: 0.185443
  type: 'test'
  ...
# Subtest: build cleanup restores the exact pre-run directory contents
ok 71 - build cleanup restores the exact pre-run directory contents
  ---
  duration_ms: 1.87409
  type: 'test'
  ...
# Subtest: build cleanup removes a directory that did not exist before the run
ok 72 - build cleanup removes a directory that did not exist before the run
  ---
  duration_ms: 1.06114
  type: 'test'
  ...
# Subtest: atomic batch regression: repository checks run only after the per-machine loop
ok 73 - atomic batch regression: repository checks run only after the per-machine loop
  ---
  duration_ms: 0.216367
  type: 'test'
  ...
# Subtest: atomic batch regression: scope guard runs before any publish mutation
ok 74 - atomic batch regression: scope guard runs before any publish mutation
  ---
  duration_ms: 0.120117
  type: 'test'
  ...
# Subtest: atomic batch regression: default cleanup restores build snapshots instead of deleting build dirs
ok 75 - atomic batch regression: default cleanup restores build snapshots instead of deleting build dirs
  ---
  duration_ms: 0.151918
  type: 'test'
  ...
# Subtest: atomic batch regression: deferred publish never runs the full auditor per machine
ok 76 - atomic batch regression: deferred publish never runs the full auditor per machine
  ---
  duration_ms: 0.083339
  type: 'test'
  ...
# Subtest: batch publish invokes npm.cmd through cmd.exe on Windows
ok 77 - batch publish invokes npm.cmd through cmd.exe on Windows
  ---
  duration_ms: 0.10119
  type: 'test'
  ...
# Subtest: lookup normalization handles full-width spaces and punctuation
ok 78 - lookup normalization handles full-width spaces and punctuation
  ---
  duration_ms: 0.585578
  type: 'test'
  ...
# Subtest: batch request normalization removes duplicates and enforces max 10
ok 79 - batch request normalization removes duplicates and enforces max 10
  ---
  duration_ms: 0.792853
  type: 'test'
  ...
# Subtest: candidate can be resolved by display name, market key, or machine id
ok 80 - candidate can be resolved by display name, market key, or machine id
  ---
  duration_ms: 0.174018
  type: 'test'
  ...
# Subtest: unknown candidate is not guessed
ok 81 - unknown candidate is not guessed
  ---
  duration_ms: 0.0851
  type: 'test'
  ...
# Subtest: valid clean ResearchData is READY_FOR_SELECTION
ok 82 - valid clean ResearchData is READY_FOR_SELECTION
  ---
  duration_ms: 0.542766
  type: 'test'
  ...
# Subtest: ResearchData conflict is REVIEW
ok 83 - ResearchData conflict is REVIEW
  ---
  duration_ms: 0.116996
  type: 'test'
  ...
# Subtest: invalid ResearchData is BLOCKED
ok 84 - invalid ResearchData is BLOCKED
  ---
  duration_ms: 0.1634
  type: 'test'
  ...
# Subtest: selection batch de-duplicates and enforces max 10
ok 85 - selection batch de-duplicates and enforces max 10
  ---
  duration_ms: 1.046799
  type: 'test'
  ...
# Subtest: clean selection is READY_FOR_MACHINE
ok 86 - clean selection is READY_FOR_MACHINE
  ---
  duration_ms: 0.117539
  type: 'test'
  ...
# Subtest: selection warnings or research conflicts require REVIEW
ok 87 - selection warnings or research conflicts require REVIEW
  ---
  duration_ms: 0.073024
  type: 'test'
  ...
# Subtest: invalid selection is BLOCKED
ok 88 - invalid selection is BLOCKED
  ---
  duration_ms: 0.064254
  type: 'test'
  ...
# Subtest: sum_inputs_to_trials materializes denominatorInputIds from all explicit categories
ok 89 - sum_inputs_to_trials materializes denominatorInputIds from all explicit categories
  ---
  duration_ms: 2.759351
  type: 'test'
  ...
# Subtest: verified ResearchData candidates omitted from Selection remain visible as rejected explanations
ok 90 - verified ResearchData candidates omitted from Selection remain visible as rejected explanations
  ---
  duration_ms: 0.351253
  type: 'test'
  ...
# Subtest: explicit rejectedElements are retained in the user-facing selection summary
ok 91 - explicit rejectedElements are retained in the user-facing selection summary
  ---
  duration_ms: 0.329842
  type: 'test'
  ...
# Subtest: Code Geass keeps exact small roles plus derived conditional cherry-RB in Difficulty while excluding non-game opportunities
ok 92 - Code Geass keeps exact small roles plus derived conditional cherry-RB in Difficulty while excluding non-game opportunities
  ---
  duration_ms: 43.017814
  type: 'test'
  ...
# Subtest: Code Geass scores exact small-role exposure and dependence-safe derived cherry-RB exposure
ok 93 - Code Geass scores exact small-role exposure and dependence-safe derived cherry-RB exposure
  ---
  duration_ms: 37.532611
  type: 'test'
  ...
# Subtest: Crea BT suppresses unverified predecessor inference while preserving seated inputs
ok 94 - Crea BT suppresses unverified predecessor inference while preserving seated inputs
  ---
  duration_ms: 0.549993
  type: 'test'
  ...
# Subtest: Crea BT Observation v2 maps every remaining active inference Feature
ok 95 - Crea BT Observation v2 maps every remaining active inference Feature
  ---
  duration_ms: 1.089745
  type: 'test'
  ...
# Subtest: Crea BT keeps self-play and BT trial universes separated
ok 96 - Crea BT keeps self-play and BT trial universes separated
  ---
  duration_ms: 0.178847
  type: 'test'
  ...
# Subtest: difficulty score rises with more games for a separable feature
ok 97 - difficulty score rises with more games for a separable feature
  ---
  duration_ms: 17.762858
  type: 'test'
  ...
# Subtest: missing exposure is reported and never inferred
ok 98 - missing exposure is reported and never inferred
  ---
  duration_ms: 0.489427
  type: 'test'
  ...
# Subtest: indistinguishable feature produces near-zero score and no finite trial estimate
ok 99 - indistinguishable feature produces near-zero score and no finite trial estimate
  ---
  duration_ms: 2.862595
  type: 'test'
  ...
# Subtest: display scores are derived from fixed My Juggler V 7000G benchmark
ok 100 - display scores are derived from fixed My Juggler V 7000G benchmark
  ---
  duration_ms: 5.349161
  type: 'test'
  ...
# Subtest: changing benchmark display reference recalibrates without changing raw scores
ok 101 - changing benchmark display reference recalibrates without changing raw scores
  ---
  duration_ms: 39.577889
  type: 'test'
  ...
# Subtest: all scored display scores are non-decreasing with more games and non-negative
ok 102 - all scored display scores are non-decreasing with more games and non-negative
  ---
  duration_ms: 3.411131
  type: 'test'
  ...
# Subtest: calibration readiness accepts explicit exclusions and preserves NOT_APPLICABLE
ok 103 - calibration readiness accepts explicit exclusions and preserves NOT_APPLICABLE
  ---
  duration_ms: 3.16483
  type: 'test'
  ...
# Subtest: cross-machine audit covers seven score-eligible machines and preserves Kaguya exclusion
ok 104 - cross-machine audit covers seven score-eligible machines and preserves Kaguya exclusion
  ---
  duration_ms: 0.906375
  type: 'test'
  ...
# Subtest: cross-machine review never ranks NOT_READY or NOT_APPLICABLE as final scores
ok 105 - cross-machine review never ranks NOT_READY or NOT_APPLICABLE as final scores
  ---
  duration_ms: 0.590938
  type: 'test'
  ...
# Subtest: standalone Difficulty Catalog covers all catalog machines
ok 106 - standalone Difficulty Catalog covers all catalog machines
  ---
  duration_ms: 5.533982
  type: 'test'
  ...
# Subtest: MachineData no longer embeds difficulty display metadata
ok 107 - MachineData no longer embeds difficulty display metadata
  ---
  duration_ms: 17.804923
  type: 'test'
  ...
# Subtest: Kaguya evidence-dominant catalog entry has no numeric score and no internal wording
ok 108 - Kaguya evidence-dominant catalog entry has no numeric score and no internal wording
  ---
  duration_ms: 3.511368
  type: 'test'
  ...
# Subtest: catalog recent order follows addedAt
ok 109 - catalog recent order follows addedAt
  ---
  duration_ms: 5.579292
  type: 'test'
  ...
# Subtest: difficulty catalog machineDataVersion matches catalog
ok 110 - difficulty catalog machineDataVersion matches catalog
  ---
  duration_ms: 4.064682
  type: 'test'
  ...
# Subtest: v1.2 exposes ESTIMATED and confidence
ok 111 - v1.2 exposes ESTIMATED and confidence
  ---
  duration_ms: 23.820254
  type: 'test'
  ...
# Subtest: derived_event_rate resolves from an explicit source feature and remains analyzable
ok 112 - derived_event_rate resolves from an explicit source feature and remains analyzable
  ---
  duration_ms: 11.567016
  type: 'test'
  ...
# Subtest: provisional event exposure is blocked by default and can be explicitly explored
ok 113 - provisional event exposure is blocked by default and can be explicitly explored
  ---
  duration_ms: 3.128186
  type: 'test'
  ...
# Subtest: derived_event_rate never invents a missing source feature
ok 114 - derived_event_rate never invents a missing source feature
  ---
  duration_ms: 1.236694
  type: 'test'
  ...
# Subtest: Code Geass scores dependence-safe conditional cherry-RB and excludes non-game opportunities
ok 115 - Code Geass scores dependence-safe conditional cherry-RB and excludes non-game opportunities
  ---
  duration_ms: 40.648849
  type: 'test'
  ...
# Subtest: Tokyo Ghoul excludes conditional opportunities that cannot be uniquely derived from games
ok 116 - Tokyo Ghoul excludes conditional opportunities that cannot be uniquely derived from games
  ---
  duration_ms: 22.916918
  type: 'test'
  ...
# Subtest: phase9.4B-2 exposure audit identifies only evidence-backed/structurally exact exposures as usable
ok 117 - phase9.4B-2 exposure audit identifies only evidence-backed/structurally exact exposures as usable
  ---
  duration_ms: 2.170959
  type: 'test'
  ...
# Subtest: Phase 9.4B-15 exposure reaudit covers all 8 machines and preserves Kaguya as evidence-dominant
ok 118 - Phase 9.4B-15 exposure reaudit covers all 8 machines and preserves Kaguya as evidence-dominant
  ---
  duration_ms: 0.952213
  type: 'test'
  ...
# Subtest: My Juggler V excludes predecessor context but scores self-play Features
ok 119 - My Juggler V excludes predecessor context but scores self-play Features
  ---
  duration_ms: 63.267554
  type: 'test'
  ...
# Subtest: Gate 0 passes when every Discovery candidate is traceable
ok 120 - Gate 0 passes when every Discovery candidate is traceable
  ---
  duration_ms: 1.114101
  type: 'test'
  ...
# Subtest: Gate 0 blocks a Discovery candidate that disappeared before Research
ok 121 - Gate 0 blocks a Discovery candidate that disappeared before Research
  ---
  duration_ms: 0.236611
  type: 'test'
  ...
# Subtest: Gate 0 blocks mapping to a nonexistent Research target
ok 122 - Gate 0 blocks mapping to a nonexistent Research target
  ---
  duration_ms: 0.205478
  type: 'test'
  ...
# Subtest: legacy id/mappedTo inventory remains accepted during migration
ok 123 - legacy id/mappedTo inventory remains accepted during migration
  ---
  duration_ms: 0.105333
  type: 'test'
  ...
# Subtest: package exposes research:gate0 command
ok 124 - package exposes research:gate0 command
  ---
  duration_ms: 0.288345
  type: 'test'
  ...
# Subtest: research:batch is wired through strict pipeline with mandatory Gate 0 ingest
ok 125 - research:batch is wired through strict pipeline with mandatory Gate 0 ingest
  ---
  duration_ms: 0.240499
  type: 'test'
  ...
# Subtest: Fire Force machine menu research keeps verified cumulative items and sources
ok 126 - Fire Force machine menu research keeps verified cumulative items and sources
  ---
  duration_ms: 0.870079
  type: 'test'
  ...
# Subtest: Eureka TYPE-ART scores both adopted numeric Features with explicit estimated exposure
ok 127 - Eureka TYPE-ART scores both adopted numeric Features with explicit estimated exposure
  ---
  duration_ms: 27.507502
  type: 'test'
  ...
# Subtest: Eureka is SCORED in standalone Difficulty Catalog
ok 128 - Eureka is SCORED in standalone Difficulty Catalog
  ---
  duration_ms: 3.822407
  type: 'test'
  ...
# Subtest: unselected means no Evidence
ok 129 - unselected means no Evidence
  ---
  duration_ms: 25.317381
  type: 'test'
  ...
# Subtest: SET_2_OR_HIGHER works
ok 130 - SET_2_OR_HIGHER works
  ---
  duration_ms: 24.621195
  type: 'test'
  ...
# Subtest: evidence ui validates
ok 131 - evidence ui validates
  ---
  duration_ms: 0.615691
  type: 'test'
  ...
# Subtest: unknown evidence fails
ok 132 - unknown evidence fails
  ---
  duration_ms: 0.104904
  type: 'test'
  ...
# Subtest: explicit NONE is rejected
ok 133 - explicit NONE is rejected
  ---
  duration_ms: 0.089774
  type: 'test'
  ...
# Subtest: Phase 9 dependency audit has no unresolved or high-risk double counting
ok 134 - Phase 9 dependency audit has no unresolved or high-risk double counting
  ---
  duration_ms: 61.704804
  type: 'test'
  ...
# Subtest: Fire Force EPB-after-initial is explicitly selected as conditional support
ok 135 - Fire Force EPB-after-initial is explicitly selected as conditional support
  ---
  duration_ms: 0.579331
  type: 'test'
  ...
# Subtest: Fire Force EPB input remains optional until actually observed
ok 136 - Fire Force EPB input remains optional until actually observed
  ---
  duration_ms: 0.11091
  type: 'test'
  ...
# Subtest: Fire Force EPB difficulty exposure equals the published initial-bonus rate by setting
ok 137 - Fire Force EPB difficulty exposure equals the published initial-bonus rate by setting
  ---
  duration_ms: 0.174781
  type: 'test'
  ...
# Subtest: Fire Force EPB Research probabilities preserve the 40-45 percent setting progression
ok 138 - Fire Force EPB Research probabilities preserve the 40-45 percent setting progression
  ---
  duration_ms: 0.450498
  type: 'test'
  ...
# Subtest: Fujiko M2 Observation v2 maps all active inference Features
ok 139 - Fujiko M2 Observation v2 maps all active inference Features
  ---
  duration_ms: 1.799441
  type: 'test'
  ...
# Subtest: Fujiko M2 clears Observation REVIEW without active-linkage risk
ok 140 - Fujiko M2 clears Observation REVIEW without active-linkage risk
  ---
  duration_ms: 23.419282
  type: 'test'
  ...
# Subtest: Funky Juggler 2 Observation v2 maps predecessor and self-play Features
ok 141 - Funky Juggler 2 Observation v2 maps predecessor and self-play Features
  ---
  duration_ms: 1.129667
  type: 'test'
  ...
# Subtest: Funky Juggler 2 clears Observation REVIEW and keeps only genuinely unresolved auxiliary surfaces as debt
ok 142 - Funky Juggler 2 clears Observation REVIEW and keeps only genuinely unresolved auxiliary surfaces as debt
  ---
  duration_ms: 23.115225
  type: 'test'
  ...
# Subtest: Happy Juggler V3 Observation v2 maps predecessor and self-play Features
ok 143 - Happy Juggler V3 Observation v2 maps predecessor and self-play Features
  ---
  duration_ms: 1.139612
  type: 'test'
  ...
# Subtest: Happy Juggler V3 clears Observation REVIEW and keeps only genuinely unresolved auxiliary surfaces as debt
ok 144 - Happy Juggler V3 clears Observation REVIEW and keeps only genuinely unresolved auxiliary surfaces as debt
  ---
  duration_ms: 22.552517
  type: 'test'
  ...
# Subtest: CZ total plus conditional type composition forms the selected factorization
ok 145 - CZ total plus conditional type composition forms the selected factorization
  ---
  duration_ms: 1.011664
  type: 'test'
  ...
# Subtest: derived CZ composition exactly normalizes published component rates
ok 146 - derived CZ composition exactly normalizes published component rates
  ---
  duration_ms: 0.239343
  type: 'test'
  ...
# Subtest: CZ type inputs preserve unobserved versus observed-zero semantics
ok 147 - CZ type inputs preserve unobserved versus observed-zero semantics
  ---
  duration_ms: 0.119877
  type: 'test'
  ...
# Subtest: CZ type composition has an explicit Observation v2 mapping
ok 148 - CZ type composition has an explicit Observation v2 mapping
  ---
  duration_ms: 0.159222
  type: 'test'
  ...
# Subtest: state-dependent and downstream candidates retain explicit non-causal blockers
ok 149 - state-dependent and downstream candidates retain explicit non-causal blockers
  ---
  duration_ms: 0.164662
  type: 'test'
  ...
# Subtest: Im Juggler EX Difficulty data is exact and MachineData-aligned
ok 150 - Im Juggler EX Difficulty data is exact and MachineData-aligned
  ---
  duration_ms: 56.000533
  type: 'test'
  ...
# Subtest: Initial D 2nd excludes AT initial hit from input/inference and keeps LB/bell as numeric inference
ok 151 - Initial D 2nd excludes AT initial hit from input/inference and keeps LB/bell as numeric inference
  ---
  duration_ms: 0.728852
  type: 'test'
  ...
# Subtest: Initial D 2nd bell denominator preserves exclusion contract during migration
ok 152 - Initial D 2nd bell denominator preserves exclusion contract during migration
  ---
  duration_ms: 0.580306
  type: 'test'
  ...
# Subtest: Initial D 2nd 86 OVER occurrence state is single-select
ok 153 - Initial D 2nd 86 OVER occurrence state is single-select
  ---
  duration_ms: 0.109722
  type: 'test'
  ...
# Subtest: Initial D 2nd AT-LB end screen uses app-compatible implicit default residual and preserves red/gold as evidence
ok 154 - Initial D 2nd AT-LB end screen uses app-compatible implicit default residual and preserves red/gold as evidence
  ---
  duration_ms: 0.172663
  type: 'test'
  ...
# Subtest: Initial D 2nd swimsuit-only feature is excluded because full end-screen distribution is used
ok 155 - Initial D 2nd swimsuit-only feature is excluded because full end-screen distribution is used
  ---
  duration_ms: 0.145978
  type: 'test'
  ...
# Subtest: Initial D 2nd conditioned end-screen estimate beats swimsuit-only estimate
ok 156 - Initial D 2nd conditioned end-screen estimate beats swimsuit-only estimate
  ---
  duration_ms: 0.089086
  type: 'test'
  ...
# Subtest: Initial D 2nd LB denominator field verification resolves publish blocker
ok 157 - Initial D 2nd LB denominator field verification resolves publish blocker
  ---
  duration_ms: 0.544759
  type: 'test'
  ...
# Subtest: Initial D 2nd removes AT reference input and does not generate a reference section
ok 158 - Initial D 2nd removes AT reference input and does not generate a reference section
  ---
  duration_ms: 0.113481
  type: 'test'
  ...
# Subtest: Initial D 2nd exposes an automatic selected/rejected summary
ok 159 - Initial D 2nd exposes an automatic selected/rejected summary
  ---
  duration_ms: 0.239037
  type: 'test'
  ...
# Subtest: Initial D 2nd selection summary exposes trial-unit-aware required trial estimates
ok 160 - Initial D 2nd selection summary exposes trial-unit-aware required trial estimates
  ---
  duration_ms: 0.37309
  type: 'test'
  ...
# Subtest: Initial D 2nd AT-LB end screen materializes summed trial denominator for app FeatureEngine
ok 161 - Initial D 2nd AT-LB end screen materializes summed trial denominator for app FeatureEngine
  ---
  duration_ms: 0.236697
  type: 'test'
  ...
# Subtest: Inuyasha2 white and blue BIG ending screens use complete shared-input distributions
ok 162 - Inuyasha2 white and blue BIG ending screens use complete shared-input distributions
  ---
  duration_ms: 1.170172
  type: 'test'
  ...
# Subtest: Inuyasha2 context-specific Evidence shares the exact BIG ending inputs
ok 163 - Inuyasha2 context-specific Evidence shares the exact BIG ending inputs
  ---
  duration_ms: 0.600653
  type: 'test'
  ...
# Subtest: Inuyasha2 Observation v2 maps full BIG ending distributions
ok 164 - Inuyasha2 Observation v2 maps full BIG ending distributions
  ---
  duration_ms: 0.109716
  type: 'test'
  ...
# Subtest: Isekai Quartet BT Observation v2 maps every active inference Feature
ok 165 - Isekai Quartet BT Observation v2 maps every active inference Feature
  ---
  duration_ms: 2.03391
  type: 'test'
  ...
# Subtest: Isekai Quartet BT clears Observation REVIEW while preserving unrelated source debt
ok 166 - Isekai Quartet BT clears Observation REVIEW while preserving unrelated source debt
  ---
  duration_ms: 22.449288
  type: 'test'
  ...
# Subtest: S_ULTRA_MIRACLE_JUGGLER_KT: unverified predecessor data cannot participate in inference
ok 167 - S_ULTRA_MIRACLE_JUGGLER_KT: unverified predecessor data cannot participate in inference
  ---
  duration_ms: 1.081497
  type: 'test'
  ...
# Subtest: S_NEO_IM_JUGGLER_EX_KK: unverified predecessor data cannot participate in inference
ok 168 - S_NEO_IM_JUGGLER_EX_KK: unverified predecessor data cannot participate in inference
  ---
  duration_ms: 0.159582
  type: 'test'
  ...
# Subtest: Kaguya has no numeric inference Feature after practical selection
ok 169 - Kaguya has no numeric inference Feature after practical selection
  ---
  duration_ms: 2.024858
  type: 'test'
  ...
# Subtest: batch manifests exist and are valid
ok 170 - batch manifests exist and are valid
  ---
  duration_ms: 1.121172
  type: 'test'
  ...
# Subtest: research-20260826-001: Research/Selection validate: S_ENENN_SHOUBOUTAI_JS
ok 171 - research-20260826-001: Research/Selection validate: S_ENENN_SHOUBOUTAI_JS
  ---
  duration_ms: 2.66188
  type: 'test'
  ...
# Subtest: research-20260826-001: Research/Selection validate: S_MADE_IN_ABYSS_EN
ok 172 - research-20260826-001: Research/Selection validate: S_MADE_IN_ABYSS_EN
  ---
  duration_ms: 0.358695
  type: 'test'
  ...
# Subtest: research-20260826-001: Research/Selection validate: S_CHABUDAI_EB6
ok 173 - research-20260826-001: Research/Selection validate: S_CHABUDAI_EB6
  ---
  duration_ms: 0.167816
  type: 'test'
  ...
# Subtest: research-20260826-001: Research/Selection validate: S_SHIN_TENKAFUBU_DD
ok 174 - research-20260826-001: Research/Selection validate: S_SHIN_TENKAFUBU_DD
  ---
  duration_ms: 0.324956
  type: 'test'
  ...
# Subtest: research-20260826-001: Research/Selection validate: S_KACHO_KUMADA_GZA
ok 175 - research-20260826-001: Research/Selection validate: S_KACHO_KUMADA_GZA
  ---
  duration_ms: 0.388237
  type: 'test'
  ...
# Subtest: research-20260826-001: Research/Selection validate: S_MY_FLOWER_II_EE_30
ok 176 - research-20260826-001: Research/Selection validate: S_MY_FLOWER_II_EE_30
  ---
  duration_ms: 0.292377
  type: 'test'
  ...
# Subtest: research-20260826-001: Research/Selection validate: L_REZERO_SEASON2_PA5
ok 177 - research-20260826-001: Research/Selection validate: L_REZERO_SEASON2_PA5
  ---
  duration_ms: 0.191862
  type: 'test'
  ...
# Subtest: research-20260826-001: Research/Selection validate: L_BANDORI_S11
ok 178 - research-20260826-001: Research/Selection validate: L_BANDORI_S11
  ---
  duration_ms: 0.369894
  type: 'test'
  ...
# Subtest: research-20260826-001: Research/Selection validate: L_SHIOKININ_KC
ok 179 - research-20260826-001: Research/Selection validate: L_SHIOKININ_KC
  ---
  duration_ms: 0.423388
  type: 'test'
  ...
# Subtest: research-20260826-001: Research/Selection validate: L_MONSTER_HUNTER_RISE_XA
ok 180 - research-20260826-001: Research/Selection validate: L_MONSTER_HUNTER_RISE_XA
  ---
  duration_ms: 0.953236
  type: 'test'
  ...
# Subtest: smartslot-001: Research/Selection validate: L_BAKI_L3
ok 181 - smartslot-001: Research/Selection validate: L_BAKI_L3
  ---
  duration_ms: 0.260123
  type: 'test'
  ...
# Subtest: smartslot-001: Research/Selection validate: L_VALVRAVE_D
ok 182 - smartslot-001: Research/Selection validate: L_VALVRAVE_D
  ---
  duration_ms: 0.149451
  type: 'test'
  ...
# Subtest: smartslot-001: Research/Selection validate: L_HEY_ELITE_SALARYMAN_KAGAMI_PA4
ok 183 - smartslot-001: Research/Selection validate: L_HEY_ELITE_SALARYMAN_KAGAMI_PA4
  ---
  duration_ms: 0.183333
  type: 'test'
  ...
# Subtest: smartslot-001: Research/Selection validate: L_HOKUTO_AD_XR
ok 184 - smartslot-001: Research/Selection validate: L_HOKUTO_AD_XR
  ---
  duration_ms: 0.279337
  type: 'test'
  ...
# Subtest: smartslot-001: Research/Selection validate: L_ZENIGATA4_L1
ok 185 - smartslot-001: Research/Selection validate: L_ZENIGATA4_L1
  ---
  duration_ms: 0.134938
  type: 'test'
  ...
# Subtest: smartslot-001: Research/Selection validate: L_SAO_B2
ok 186 - smartslot-001: Research/Selection validate: L_SAO_B2
  ---
  duration_ms: 0.264708
  type: 'test'
  ...
# Subtest: smartslot-001: Research/Selection validate: L_BERSERK_MUSOU_EV
ok 187 - smartslot-001: Research/Selection validate: L_BERSERK_MUSOU_EV
  ---
  duration_ms: 0.148772
  type: 'test'
  ...
# Subtest: smartslot-001: Research/Selection validate: L_NYANKO_BIGBANG_MK
ok 188 - smartslot-001: Research/Selection validate: L_NYANKO_BIGBANG_MK
  ---
  duration_ms: 0.113817
  type: 'test'
  ...
# Subtest: smartslot-001: Research/Selection validate: L_KARAKURI_CIRCUS_G
ok 189 - smartslot-001: Research/Selection validate: L_KARAKURI_CIRCUS_G
  ---
  duration_ms: 0.110722
  type: 'test'
  ...
# Subtest: smartslot-001: Research/Selection validate: L_BIOHAZARD_VENDETTA_FK
ok 190 - smartslot-001: Research/Selection validate: L_BIOHAZARD_VENDETTA_FK
  ---
  duration_ms: 0.199296
  type: 'test'
  ...
# Subtest: smartslot-002: Research/Selection validate: L_LOVEKYURE2_PS
ok 191 - smartslot-002: Research/Selection validate: L_LOVEKYURE2_PS
  ---
  duration_ms: 0.269089
  type: 'test'
  ...
# Subtest: smartslot-002: Research/Selection validate: L_NOGIZAKA46_UD
ok 192 - smartslot-002: Research/Selection validate: L_NOGIZAKA46_UD
  ---
  duration_ms: 0.126042
  type: 'test'
  ...
# Subtest: smartslot-002: Research/Selection validate: L_SENGOKU_BASARA_GIGA_ZE
ok 193 - smartslot-002: Research/Selection validate: L_SENGOKU_BASARA_GIGA_ZE
  ---
  duration_ms: 0.170701
  type: 'test'
  ...
# Subtest: smartslot-002: Research/Selection validate: L_KINNIKUMAN4_SLDC
ok 194 - smartslot-002: Research/Selection validate: L_KINNIKUMAN4_SLDC
  ---
  duration_ms: 0.104358
  type: 'test'
  ...
# Subtest: smartslot-002: Research/Selection validate: L_SENGOKU_OTOME4_S3
ok 195 - smartslot-002: Research/Selection validate: L_SENGOKU_OTOME4_S3
  ---
  duration_ms: 0.147394
  type: 'test'
  ...
# Subtest: smartslot-002: Research/Selection validate: L_009_RECYBORG_NZ
ok 196 - smartslot-002: Research/Selection validate: L_009_RECYBORG_NZ
  ---
  duration_ms: 0.094246
  type: 'test'
  ...
# Subtest: smartslot-002: Research/Selection validate: L_MAHJONG_FIGHT_CLUB_KAKUSEI_KM
ok 197 - smartslot-002: Research/Selection validate: L_MAHJONG_FIGHT_CLUB_KAKUSEI_KM
  ---
  duration_ms: 0.155167
  type: 'test'
  ...
# Subtest: smartslot-002: Research/Selection validate: L_SENGOKU_COLLECTION5_GJ
ok 198 - smartslot-002: Research/Selection validate: L_SENGOKU_COLLECTION5_GJ
  ---
  duration_ms: 0.090365
  type: 'test'
  ...
# Subtest: smartslot-002: Research/Selection validate: L_TENSURA_CD
ok 199 - smartslot-002: Research/Selection validate: L_TENSURA_CD
  ---
  duration_ms: 0.116643
  type: 'test'
  ...
# Subtest: smartslot-002: Research/Selection validate: L_EVANGELION_MIRAI_JF
ok 200 - smartslot-002: Research/Selection validate: L_EVANGELION_MIRAI_JF
  ---
  duration_ms: 0.119713
  type: 'test'
  ...
# Subtest: candidate assessment validates
ok 201 - candidate assessment validates
  ---
  duration_ms: 0.586441
  type: 'test'
  ...
# Subtest: invalid score fails
ok 202 - invalid score fails
  ---
  duration_ms: 0.105152
  type: 'test'
  ...
# Subtest: builds binomial and multinomial draft deterministically
ok 203 - builds binomial and multinomial draft deterministically
  ---
  duration_ms: 2.476425
  type: 'test'
  ...
# Subtest: does not infer missing input mappings
ok 204 - does not infer missing input mappings
  ---
  duration_ms: 0.292557
  type: 'test'
  ...
# Subtest: EXCLUDE feature is not emitted
ok 205 - EXCLUDE feature is not emitted
  ---
  duration_ms: 0.189537
  type: 'test'
  ...
# Subtest: preserves explicitly selected safe inputTransform and displayFormat
ok 206 - preserves explicitly selected safe inputTransform and displayFormat
  ---
  duration_ms: 0.166432
  type: 'test'
  ...
# Subtest: multinomial preserves explicit mapping, residual convention and subtract rules
ok 207 - multinomial preserves explicit mapping, residual convention and subtract rules
  ---
  duration_ms: 0.269459
  type: 'test'
  ...
# Subtest: preserves observed_ratio_to_trials mapping
ok 208 - preserves observed_ratio_to_trials mapping
  ---
  duration_ms: 0.296588
  type: 'test'
  ...
# Subtest: generic evidenceUi with unset defaults and multi_enum
ok 209 - generic evidenceUi with unset defaults and multi_enum
  ---
  duration_ms: 0.535708
  type: 'test'
  ...
# Subtest: provisional denominator definition survives build
ok 210 - provisional denominator definition survives build
  ---
  duration_ms: 0.792786
  type: 'test'
  ...
# Subtest: uiCategoryLabels separates stable category ids from user-visible titles
ok 211 - uiCategoryLabels separates stable category ids from user-visible titles
  ---
  duration_ms: 0.31274
  type: 'test'
  ...
# Subtest: builder preserves denominatorInputIds for sum_inputs_to_trials multinomial
ok 212 - builder preserves denominatorInputIds for sum_inputs_to_trials multinomial
  ---
  duration_ms: 0.415067
  type: 'test'
  ...
# Subtest: selection summary derives requiredTrials from public probabilities and preserves Research trialUnit
ok 213 - selection summary derives requiredTrials from public probabilities and preserves Research trialUnit
  ---
  duration_ms: 0.182619
  type: 'test'
  ...
# Subtest: builder stores selection weight in reliabilityProfile used by FeatureEngine
ok 214 - builder stores selection weight in reliabilityProfile used by FeatureEngine
  ---
  duration_ms: 0.253092
  type: 'test'
  ...
# Subtest: builder supports approved legacy evidence contracts copied from published MachineData
ok 215 - builder supports approved legacy evidence contracts copied from published MachineData
  ---
  duration_ms: 0.176761
  type: 'test'
  ...
# Subtest: builder can preserve marginal multinomial model and optional observed category
ok 216 - builder can preserve marginal multinomial model and optional observed category
  ---
  duration_ms: 0.282811
  type: 'test'
  ...
# Subtest: marginal_multinomialはnumeratorInputIdも任意観測カテゴリにできる
ok 217 - marginal_multinomialはnumeratorInputIdも任意観測カテゴリにできる
  ---
  duration_ms: 0.146054
  type: 'test'
  ...
# Subtest: builder preserves feature suppression references for runtime fallback control
ok 218 - builder preserves feature suppression references for runtime fallback control
  ---
  duration_ms: 0.151068
  type: 'test'
  ...
# Subtest: published machine regeneration restores canonical identity fields
ok 219 - published machine regeneration restores canonical identity fields
  ---
  duration_ms: 1.109826
  type: 'test'
  ...
# Subtest: pre-publication generation remains valid when no canonical identity entry exists
ok 220 - pre-publication generation remains valid when no canonical identity entry exists
  ---
  duration_ms: 1.164909
  type: 'test'
  ...
# Subtest: canonical identity merge rejects package machineId mismatch
ok 221 - canonical identity merge rejects package machineId mismatch
  ---
  duration_ms: 0.31068
  type: 'test'
  ...
# Subtest: machine-observation-data-v2 accepts valid contract
ok 222 - machine-observation-data-v2 accepts valid contract
  ---
  duration_ms: 0.806204
  type: 'test'
  ...
# Subtest: v2 rejects unknown observation references
ok 223 - v2 rejects unknown observation references
  ---
  duration_ms: 0.213453
  type: 'test'
  ...
# Subtest: legacy v1 remains valid in compatibility mode
ok 224 - legacy v1 remains valid in compatibility mode
  ---
  duration_ms: 0.249873
  type: 'test'
  ...
# Subtest: valid registry passes
ok 225 - valid registry passes
  ---
  duration_ms: 0.65891
  type: 'test'
  ...
# Subtest: duplicate ids fail
ok 226 - duplicate ids fail
  ---
  duration_ms: 0.139525
  type: 'test'
  ...
# Subtest: included requires version
ok 227 - included requires version
  ---
  duration_ms: 0.16557
  type: 'test'
  ...
# Subtest: real-device verification status document validates
ok 228 - real-device verification status document validates
  ---
  duration_ms: 0.621679
  type: 'test'
  ...
# Subtest: batch 001 published machines start pending real-device verification
ok 229 - batch 001 published machines start pending real-device verification
  ---
  duration_ms: 0.090573
  type: 'test'
  ...
# Subtest: invalid status and unpublished machine are rejected
ok 230 - invalid status and unpublished machine are rejected
  ---
  duration_ms: 0.154747
  type: 'test'
  ...
# Subtest: valid market presence snapshot passes
ok 231 - valid market presence snapshot passes
  ---
  duration_ms: 0.600335
  type: 'test'
  ...
# Subtest: unknown source ref fails
ok 232 - unknown source ref fails
  ---
  duration_ms: 0.117843
  type: 'test'
  ...
# Subtest: market snapshot validates
ok 233 - market snapshot validates
  ---
  duration_ms: 23.445627
  type: 'test'
  ...
# Subtest: missing status includes active unmatched market machines
ok 234 - missing status includes active unmatched market machines
  ---
  duration_ms: 21.41788
  type: 'test'
  ...
# Subtest: market status separates scheduled machine
ok 235 - market status separates scheduled machine
  ---
  duration_ms: 20.539359
  type: 'test'
  ...
# Subtest: market merge never invents registry IDs for unmatched machines
ok 236 - market merge never invents registry IDs for unmatched machines
  ---
  duration_ms: 27.642765
  type: 'test'
  ...
# Subtest: S_MY_JUGGLER_V_KD: materializes UI without changing inference payload
ok 237 - S_MY_JUGGLER_V_KD: materializes UI without changing inference payload
  ---
  duration_ms: 2.528125
  type: 'test'
  ...
# Subtest: LB_SLOT_GALFY_A4: materializes UI without changing inference payload
ok 238 - LB_SLOT_GALFY_A4: materializes UI without changing inference payload
  ---
  duration_ms: 0.891394
  type: 'test'
  ...
# Subtest: L_INITIAL_D_2ND: materializes UI without changing inference payload
ok 239 - L_INITIAL_D_2ND: materializes UI without changing inference payload
  ---
  duration_ms: 1.190713
  type: 'test'
  ...
# Subtest: Initial D: compact 2-column end-screen counters are materialized
ok 240 - Initial D: compact 2-column end-screen counters are materialized
  ---
  duration_ms: 0.540909
  type: 'test'
  ...
# Subtest: GALFY: evidence contract resolves to generated evidence input
ok 241 - GALFY: evidence contract resolves to generated evidence input
  ---
  duration_ms: 0.461477
  type: 'test'
  ...
# Subtest: Milky MMB panel is a complete shared-input numeric Feature
ok 242 - Milky MMB panel is a complete shared-input numeric Feature
  ---
  duration_ms: 0.895451
  type: 'test'
  ...
# Subtest: Milky SmartTALK and Gacha are explicitly held pending menu session-boundary verification
ok 243 - Milky SmartTALK and Gacha are explicitly held pending menu session-boundary verification
  ---
  duration_ms: 0.262302
  type: 'test'
  ...
# Subtest: Milky Observation and UI expose shared MMB and full bonus-end counters
ok 244 - Milky Observation and UI expose shared MMB and full bonus-end counters
  ---
  duration_ms: 0.228448
  type: 'test'
  ...
# Subtest: Mushoku Shirone remains inference-only for game-based Difficulty
ok 245 - Mushoku Shirone remains inference-only for game-based Difficulty
  ---
  duration_ms: 26.303609
  type: 'test'
  ...
# Subtest: workflow help is available
ok 246 - workflow help is available
  ---
  duration_ms: 27.656752
  type: 'test'
  ...
# Subtest: workflow rejects invalid machineId
ok 247 - workflow rejects invalid machineId
  ---
  duration_ms: 26.210742
  type: 'test'
  ...
# Subtest: workflow status is read-only
ok 248 - workflow status is read-only
  ---
  duration_ms: 25.519297
  type: 'test'
  ...
# Subtest: Kaguya has one limited ending-frame numeric Feature while BONUS initial remains rejected
ok 249 - Kaguya has one limited ending-frame numeric Feature while BONUS initial remains rejected
  ---
  duration_ms: 2.405711
  type: 'test'
  ...
# Subtest: My Juggler V remains NORMAL numeric inference profile
ok 250 - My Juggler V remains NORMAL numeric inference profile
  ---
  duration_ms: 28.571807
  type: 'test'
  ...
# Subtest: Observation Engine pilots use v2 and map every adopted Selection feature
ok 251 - Observation Engine pilots use v2 and map every adopted Selection feature
  ---
  duration_ms: 2.538008
  type: 'test'
  ...
# Subtest: UI Design pilots explicitly consume Selection and Observation layers
ok 252 - UI Design pilots explicitly consume Selection and Observation layers
  ---
  duration_ms: 0.381909
  type: 'test'
  ...
# Subtest: UNRESOLVED is retained as field verification instead of blocking pilots
ok 253 - UNRESOLVED is retained as field verification instead of blocking pilots
  ---
  duration_ms: 0.271517
  type: 'test'
  ...
# Subtest: small-role multinomial is primary and AT is excluded
ok 254 - small-role multinomial is primary and AT is excluded
  ---
  duration_ms: 1.038349
  type: 'test'
  ...
# Subtest: small-role inputs preserve unobserved versus observed zero semantics
ok 255 - small-role inputs preserve unobserved versus observed zero semantics
  ---
  duration_ms: 0.179767
  type: 'test'
  ...
# Subtest: Research multinomial is complete and materially stronger than AT endpoint information
ok 256 - Research multinomial is complete and materially stronger than AT endpoint information
  ---
  duration_ms: 0.19603
  type: 'test'
  ...
# Subtest: scalar weak-cherry and watermelon features remain excluded to prevent duplicate likelihoods
ok 257 - scalar weak-cherry and watermelon features remain excluded to prevent duplicate likelihoods
  ---
  duration_ms: 0.08183
  type: 'test'
  ...
# Subtest: Phase 11 user-facing audit has no ERROR or unresolved REVIEW
ok 258 - Phase 11 user-facing audit has no ERROR or unresolved REVIEW
  ---
  duration_ms: 48.746867
  type: 'test'
  ...
# Subtest: Phase 12 audited 101-machine baseline is preserved while catalog may grow
ok 259 - Phase 12 audited 101-machine baseline is preserved while catalog may grow
  ---
  duration_ms: 38.488945
  type: 'test'
  ...
# Subtest: batch e2e uses strict Research and Selection pipelines
ok 260 - batch e2e uses strict Research and Selection pipelines
  ---
  duration_ms: 0.191112
  type: 'test'
  ...
# Subtest: My Juggler uses single REG + cherry REG and derives REG total
ok 261 - My Juggler uses single REG + cherry REG and derives REG total
  ---
  duration_ms: 2.173123
  type: 'test'
  ...
# Subtest: GALFY renames miss input to ハズレ
ok 262 - GALFY renames miss input to ハズレ
  ---
  duration_ms: 0.98161
  type: 'test'
  ...
# Subtest: Initial D derives bell denominator from normal games minus excluded games
ok 263 - Initial D derives bell denominator from normal games minus excluded games
  ---
  duration_ms: 1.599339
  type: 'test'
  ...
# Subtest: PREDECESSOR inputs become snapshot observations and render first
ok 264 - PREDECESSOR inputs become snapshot observations and render first
  ---
  duration_ms: 2.742362
  type: 'test'
  ...
# Subtest: user-selected batch keeps explicit names and removes normalized duplicates
ok 265 - user-selected batch keeps explicit names and removes normalized duplicates
  ---
  duration_ms: 0.936106
  type: 'test'
  ...
# Subtest: user-selected batch enforces 10-machine limit
ok 266 - user-selected batch enforces 10-machine limit
  ---
  duration_ms: 1.019465
  type: 'test'
  ...
# Subtest: research brief never assigns a machineId before identity verification
ok 267 - research brief never assigns a machineId before identity verification
  ---
  duration_ms: 0.165615
  type: 'test'
  ...
# Subtest: blocked prepublish review is valid
ok 268 - blocked prepublish review is valid
  ---
  duration_ms: 0.520292
  type: 'test'
  ...
# Subtest: publish cannot retain blockers
ok 269 - publish cannot retain blockers
  ---
  duration_ms: 0.135542
  type: 'test'
  ...
# Subtest: publish help is available
ok 270 - publish help is available
  ---
  duration_ms: 24.047326
  type: 'test'
  ...
# Subtest: publish rejects invalid machineId
ok 271 - publish rejects invalid machineId
  ---
  duration_ms: 21.32562
  type: 'test'
  ...
# Subtest: dry run never mutates catalog
ok 272 - dry run never mutates catalog
  ---
  duration_ms: 164.528639
  type: 'test'
  ...
# Subtest: approval becomes invalid after approved package changes
ok 273 - approval becomes invalid after approved package changes
  ---
  duration_ms: 168.06922
  type: 'test'
  ...
# Subtest: approve canonicalizes CRLF package bytes to LF before hashing
ok 274 - approve canonicalizes CRLF package bytes to LF before hashing
  ---
  duration_ms: 48.617025
  type: 'test'
  ...
# Subtest: registry sync does not rewrite generatedAt for a no-op sync
ok 275 - registry sync does not rewrite generatedAt for a no-op sync
  ---
  duration_ms: 0.442748
  type: 'test'
  ...
# Subtest: S_FAMISTA_KAIDO_FB: rejected reasons preserve Selection user-facing rationale
ok 276 - S_FAMISTA_KAIDO_FB: rejected reasons preserve Selection user-facing rationale
  ---
  duration_ms: 2.337813
  type: 'test'
  ...
# Subtest: S_GRANBELM_ZX: rejected reasons preserve Selection user-facing rationale
ok 277 - S_GRANBELM_ZX: rejected reasons preserve Selection user-facing rationale
  ---
  duration_ms: 2.515798
  type: 'test'
  ...
# Subtest: S_SUPER_BINGO_NEO_CLASSIC_HH1: rejected reasons preserve Selection user-facing rationale
ok 278 - S_SUPER_BINGO_NEO_CLASSIC_HH1: rejected reasons preserve Selection user-facing rationale
  ---
  duration_ms: 0.537718
  type: 'test'
  ...
# Subtest: S_ODANOBUNA_ZENKOKU_SNT: rejected reasons preserve Selection user-facing rationale
ok 279 - S_ODANOBUNA_ZENKOKU_SNT: rejected reasons preserve Selection user-facing rationale
  ---
  duration_ms: 0.298671
  type: 'test'
  ...
# Subtest: S_SENGOKU_KOIHIME_FC: rejected reasons preserve Selection user-facing rationale
ok 280 - S_SENGOKU_KOIHIME_FC: rejected reasons preserve Selection user-facing rationale
  ---
  duration_ms: 0.441073
  type: 'test'
  ...
# Subtest: S_NIGHTS_YTCC: rejected reasons preserve Selection user-facing rationale
ok 281 - S_NIGHTS_YTCC: rejected reasons preserve Selection user-facing rationale
  ---
  duration_ms: 0.475025
  type: 'test'
  ...
# Subtest: L_KOMONCHAMA_TEN_L2: rejected reasons preserve Selection user-facing rationale
ok 282 - L_KOMONCHAMA_TEN_L2: rejected reasons preserve Selection user-facing rationale
  ---
  duration_ms: 0.653096
  type: 'test'
  ...
# Subtest: L_SHIN_IKKITOUSEN_V: rejected reasons preserve Selection user-facing rationale
ok 283 - L_SHIN_IKKITOUSEN_V: rejected reasons preserve Selection user-facing rationale
  ---
  duration_ms: 0.299143
  type: 'test'
  ...
# Subtest: L_KYOUKARA_OREHA_FE: rejected reasons preserve Selection user-facing rationale
ok 284 - L_KYOUKARA_OREHA_FE: rejected reasons preserve Selection user-facing rationale
  ---
  duration_ms: 0.694152
  type: 'test'
  ...
# Subtest: L_ONIMUSHA3_XA: rejected reasons preserve Selection user-facing rationale
ok 285 - L_ONIMUSHA3_XA: rejected reasons preserve Selection user-facing rationale
  ---
  duration_ms: 0.556654
  type: 'test'
  ...
# Subtest: Builder keeps an explanatory fallback for legacy EXCLUDE without an explicit reason
ok 286 - Builder keeps an explanatory fallback for legacy EXCLUDE without an explicit reason
  ---
  duration_ms: 0.507311
  type: 'test'
  ...
# Subtest: ResearchData template is valid
ok 287 - ResearchData template is valid
  ---
  duration_ms: 1.639907
  type: 'test'
  ...
# Subtest: unknown source reference fails
ok 288 - unknown source reference fails
  ---
  duration_ms: 0.245335
  type: 'test'
  ...
# Subtest: probability outside 0..1 fails
ok 289 - probability outside 0..1 fails
  ---
  duration_ms: 0.141117
  type: 'test'
  ...
# Subtest: evidence cannot reference nonexistent settings
ok 290 - evidence cannot reference nonexistent settings
  ---
  duration_ms: 0.122804
  type: 'test'
  ...
# Subtest: ratio mismatch produces warning only
ok 291 - ratio mismatch produces warning only
  ---
  duration_ms: 0.283535
  type: 'test'
  ...
# Subtest: complete multinomial distribution is valid
ok 292 - complete multinomial distribution is valid
  ---
  duration_ms: 0.153348
  type: 'test'
  ...
# Subtest: multinomial probability sum mismatch fails
ok 293 - multinomial probability sum mismatch fails
  ---
  duration_ms: 0.1956
  type: 'test'
  ...
# Subtest: incomplete multinomial distribution warns without inventing values
ok 294 - incomplete multinomial distribution warns without inventing values
  ---
  duration_ms: 0.128677
  type: 'test'
  ...
# Subtest: implicit residual multinomial accepts explicit probabilities below one
ok 295 - implicit residual multinomial accepts explicit probabilities below one
  ---
  duration_ms: 0.24082
  type: 'test'
  ...
# Subtest: valid dispatch passes
ok 296 - valid dispatch passes
  ---
  duration_ms: 0.535514
  type: 'test'
  ...
# Subtest: v1 rejects multiple-active policy
ok 297 - v1 rejects multiple-active policy
  ---
  duration_ms: 0.096363
  type: 'test'
  ...
# Subtest: valid shallow batch
ok 298 - valid shallow batch
  ---
  duration_ms: 0.546421
  type: 'test'
  ...
# Subtest: over batch limit fails
ok 299 - over batch limit fails
  ---
  duration_ms: 0.106422
  type: 'test'
  ...
# Subtest: Revue conditional partial multinomials reproduce runtime contract
ok 300 - Revue conditional partial multinomials reproduce runtime contract
  ---
  duration_ms: 0.834305
  type: 'test'
  ...
# Subtest: Revue named implicit residual multinomials reproduce runtime contract
ok 301 - Revue named implicit residual multinomials reproduce runtime contract
  ---
  duration_ms: 0.095763
  type: 'test'
  ...
# Subtest: Revue evidence mappings are reproducible from SelectionData
ok 302 - Revue evidence mappings are reproducible from SelectionData
  ---
  duration_ms: 0.095884
  type: 'test'
  ...
# Subtest: Revue ESTIMATED exposures are score eligible
ok 303 - Revue ESTIMATED exposures are score eligible
  ---
  duration_ms: 43.135786
  type: 'test'
  ...
# Subtest: Revue Starlight places lamp and CZ directly below predecessor data
ok 304 - Revue Starlight places lamp and CZ directly below predecessor data
  ---
  duration_ms: 0.549919
  type: 'test'
  ...
# Subtest: Revue Starlight BIG end counters are two-column plus/minus only
ok 305 - Revue Starlight BIG end counters are two-column plus/minus only
  ---
  duration_ms: 0.106506
  type: 'test'
  ...
# Subtest: Revue Starlight lamp guidance excludes AT-end red lamp
ok 306 - Revue Starlight lamp guidance excludes AT-end red lamp
  ---
  duration_ms: 0.103165
  type: 'test'
  ...
# Subtest: Revue Starlight Evidence inputs expose recognizable voice and payout cues
ok 307 - Revue Starlight Evidence inputs expose recognizable voice and payout cues
  ---
  duration_ms: 0.176451
  type: 'test'
  ...
# Subtest: explicit rounded multinomial can be normalized only when Selection explicitly opts in
ok 308 - explicit rounded multinomial can be normalized only when Selection explicitly opts in
  ---
  duration_ms: 2.344843
  type: 'test'
  ...
# Subtest: rounded multinomial normalization refuses a deviation above 0.5%
ok 309 - rounded multinomial normalization refuses a deviation above 0.5%
  ---
  duration_ms: 0.422921
  type: 'test'
  ...
# Subtest: valid selection passes
ok 310 - valid selection passes
  ---
  duration_ms: 0.980772
  type: 'test'
  ...
# Subtest: unknown research feature and input fail
ok 311 - unknown research feature and input fail
  ---
  duration_ms: 0.166305
  type: 'test'
  ...
# Subtest: difficultyExposure setting_rate requires every machine setting
ok 312 - difficultyExposure setting_rate requires every machine setting
  ---
  duration_ms: 0.243992
  type: 'test'
  ...
# Subtest: derived_event_rate validates source feature and category dependencies
ok 313 - derived_event_rate validates source feature and category dependencies
  ---
  duration_ms: 0.452797
  type: 'test'
  ...
# Subtest: suppressedByFeatureIds must reference another selected feature
ok 314 - suppressedByFeatureIds must reference another selected feature
  ---
  duration_ms: 0.198787
  type: 'test'
  ...
# Subtest: selection quality blocks a research feature with no explicit disposition
ok 315 - selection quality blocks a research feature with no explicit disposition
  ---
  duration_ms: 0.914344
  type: 'test'
  ...
# Subtest: selection quality accepts an explicit EXCLUDE disposition
ok 316 - selection quality accepts an explicit EXCLUDE disposition
  ---
  duration_ms: 0.356108
  type: 'test'
  ...
# Subtest: selection policy migration audit confirms all machines preserve inference contracts except reviewed safety removals
ok 317 - selection policy migration audit confirms all machines preserve inference contracts except reviewed safety removals
  ---
  duration_ms: 106.966684
  type: 'test'
  ...
# Subtest: Selection quality accepts Gate 0 discoveryInventory new format
ok 318 - Selection quality accepts Gate 0 discoveryInventory new format
  ---
  duration_ms: 0.975947
  type: 'test'
  ...
# Subtest: Selection quality keeps legacy id/mappedTo compatibility
ok 319 - Selection quality keeps legacy id/mappedTo compatibility
  ---
  duration_ms: 0.193018
  type: 'test'
  ...
# Subtest: coverage gate blocks unclassified research candidates
ok 320 - coverage gate blocks unclassified research candidates
  ---
  duration_ms: 1.951022
  type: 'test'
  ...
# Subtest: coverage accepts explicit feature rejection and evidence UI classification
ok 321 - coverage accepts explicit feature rejection and evidence UI classification
  ---
  duration_ms: 0.311645
  type: 'test'
  ...
# Subtest: explanation gate reviews generic selected and rejected reasons
ok 322 - explanation gate reviews generic selected and rejected reasons
  ---
  duration_ms: 0.204698
  type: 'test'
  ...
# Subtest: evidenceDecisions can explicitly classify evidence that has no input UI
ok 323 - evidenceDecisions can explicitly classify evidence that has no input UI
  ---
  duration_ms: 0.154512
  type: 'test'
  ...
# Subtest: fallback features require a concrete adoption reason
ok 324 - fallback features require a concrete adoption reason
  ---
  duration_ms: 0.207794
  type: 'test'
  ...
# Subtest: inability to discriminate an internal state is a concrete rejection basis
ok 325 - inability to discriminate an internal state is a concrete rejection basis
  ---
  duration_ms: 0.138066
  type: 'test'
  ...
# Subtest: discovery inventory blocks a candidate that never reaches Research/Selection classification
ok 326 - discovery inventory blocks a candidate that never reaches Research/Selection classification
  ---
  duration_ms: 0.172778
  type: 'test'
  ...
# Subtest: discovery inventory accepts explicit rejectedElements for non-numeric candidates
ok 327 - discovery inventory accepts explicit rejectedElements for non-numeric candidates
  ---
  duration_ms: 0.102066
  type: 'test'
  ...
# Subtest: excluded-only DISPLAY_ONLY input is blocked from leaking into generated UI
ok 328 - excluded-only DISPLAY_ONLY input is blocked from leaking into generated UI
  ---
  duration_ms: 0.246973
  type: 'test'
  ...
# Subtest: explicit reference input is allowed when deliberately retained
ok 329 - explicit reference input is allowed when deliberately retained
  ---
  duration_ms: 0.241673
  type: 'test'
  ...
# Subtest: manual counting burden cannot justify EXCLUDE
ok 330 - manual counting burden cannot justify EXCLUDE
  ---
  duration_ms: 0.921873
  type: 'test'
  ...
# Subtest: statistical rejection without input burden remains valid
ok 331 - statistical rejection without input burden remains valid
  ---
  duration_ms: 0.183757
  type: 'test'
  ...
# Subtest: rejectedElements also cannot cite input burden
ok 332 - rejectedElements also cannot cite input burden
  ---
  duration_ms: 0.106891
  type: 'test'
  ...
# Subtest: selection summary readiness audits every current research machine
ok 333 - selection summary readiness audits every current research machine
  ---
  duration_ms: 96.849751
  type: 'test'
  ...
# Subtest: selection policy migration leaves no legacy DISPLAY_ONLY feature
ok 334 - selection policy migration leaves no legacy DISPLAY_ONLY feature
  ---
  duration_ms: 80.30326
  type: 'test'
  ...
# Subtest: SET_4以上を高設定帯として分割し、帯事前確率を50:50に固定する
ok 335 - SET_4以上を高設定帯として分割し、帯事前確率を50:50に固定する
  ---
  duration_ms: 7.634604
  type: 'test'
  ...
# Subtest: 設定確定系相当・着席時相当のdifficultyParticipation=EXCLUDEは設定帯判別Gから除外する
ok 336 - 設定確定系相当・着席時相当のdifficultyParticipation=EXCLUDEは設定帯判別Gから除外する
  ---
  duration_ms: 3.508222
  type: 'test'
  ...
# Subtest: 閾値は低設定帯・高設定帯の双方が到達した最小Gとする
ok 337 - 閾値は低設定帯・高設定帯の双方が到達した最小Gとする
  ---
  duration_ms: 25.855225
  type: 'test'
  ...
# Subtest: machine pipeline generates setting-band report before difficulty catalog sync
ok 338 - machine pipeline generates setting-band report before difficulty catalog sync
  ---
  duration_ms: 0.633938
  type: 'test'
  ...
# Subtest: batch guard restores setting-band reports on check or failure
ok 339 - batch guard restores setting-band reports on check or failure
  ---
  duration_ms: 0.122646
  type: 'test'
  ...
# Subtest: outer guard restores machine registry after check mode
ok 340 - outer guard restores machine registry after check mode
  ---
  duration_ms: 0.689562
  type: 'test'
  ...
# Subtest: difficulty catalog sync requires and publishes setting-band data
ok 341 - difficulty catalog sync requires and publishes setting-band data
  ---
  duration_ms: 0.164976
  type: 'test'
  ...
# Subtest: single publish is routed through setting-band publish guard
ok 342 - single publish is routed through setting-band publish guard
  ---
  duration_ms: 0.305523
  type: 'test'
  ...
# Subtest: setting L machines retain SET_L for identity but exclude it from numeric inference
ok 343 - setting L machines retain SET_L for identity but exclude it from numeric inference
  ---
  duration_ms: 3.292889
  type: 'test'
  ...
# Subtest: public-data audit accepts SET_L identity when inferenceSettings excludes SET_L
ok 344 - public-data audit accepts SET_L identity when inferenceSettings excludes SET_L
  ---
  duration_ms: 1.949801
  type: 'test'
  ...
# Subtest: Shin Eva shares one observation input between numeric Feature and Evidence
ok 345 - Shin Eva shares one observation input between numeric Feature and Evidence
  ---
  duration_ms: 3.926776
  type: 'test'
  ...
# Subtest: Discup REG hint shares one observation input between numeric Feature and Evidence
ok 346 - Discup REG hint shares one observation input between numeric Feature and Evidence
  ---
  duration_ms: 1.667828
  type: 'test'
  ...
# Subtest: Sister Quest explicit rounded multinomial normalization clears batch REVIEW
ok 347 - Sister Quest explicit rounded multinomial normalization clears batch REVIEW
  ---
  duration_ms: 2.7609
  type: 'test'
  ...
# SloAnalytica Source Update Watch v1
# Usage:
#   npm run sources:watch -- check
#   npm run sources:watch -- status
# check: ResearchDataの公開URLだけ取得し、前回snapshotとの差を検知
# AI再調査対象: report.json の changed / failed のみ
# Subtest: same snapshot is unchanged
ok 348 - same snapshot is unchanged
  ---
  duration_ms: 0.476248
  type: 'test'
  ...
# Subtest: body hash change is detected
ok 349 - body hash change is detected
  ---
  duration_ms: 0.126613
  type: 'test'
  ...
# Subtest: new source is NEW
ok 350 - new source is NEW
  ---
  duration_ms: 0.068133
  type: 'test'
  ...
# Subtest: collectSources reads ResearchData only
ok 351 - collectSources reads ResearchData only
  ---
  duration_ms: 0.422498
  type: 'test'
  ...
# Subtest: fetchSnapshot hashes normalized response body
ok 352 - fetchSnapshot hashes normalized response body
  ---
  duration_ms: 307.277236
  type: 'test'
  ...
# Subtest: binomial feature produces objective metrics
ok 353 - binomial feature produces objective metrics
  ---
  duration_ms: 1.057227
  type: 'test'
  ...
# Subtest: equal probabilities do not invent trial count
ok 354 - equal probabilities do not invent trial count
  ---
  duration_ms: 0.831094
  type: 'test'
  ...
# Subtest: multinomial feature produces categorical distance metrics
ok 355 - multinomial feature produces categorical distance metrics
  ---
  duration_ms: 0.879301
  type: 'test'
  ...
# Subtest: incomplete multinomial distribution is not invented
ok 356 - incomplete multinomial distribution is not invented
  ---
  duration_ms: 0.136803
  type: 'test'
  ...
# Subtest: implicit residual multinomial is evaluated with residual category
ok 357 - implicit residual multinomial is evaluated with residual category
  ---
  duration_ms: 0.146346
  type: 'test'
  ...
# Subtest: Tokyo Ghoul game-based Difficulty uses only defensible game-exposure Features
ok 358 - Tokyo Ghoul game-based Difficulty uses only defensible game-exposure Features
  ---
  duration_ms: 39.587048
  type: 'test'
  ...
# Subtest: Tokyo Ghoul keeps all four Features in inference but scores only two for game-based Difficulty
ok 359 - Tokyo Ghoul keeps all four Features in inference but scores only two for game-based Difficulty
  ---
  duration_ms: 34.348203
  type: 'test'
  ...
# Subtest: reference UI design validates
ok 360 - reference UI design validates
  ---
  duration_ms: 1.988554
  type: 'test'
  ...
# Subtest: derived input requires valid sources
ok 361 - derived input requires valid sources
  ---
  duration_ms: 0.424097
  type: 'test'
  ...
# Subtest: unresolved UI design is non-blocking
ok 362 - unresolved UI design is non-blocking
  ---
  duration_ms: 0.211348
  type: 'test'
  ...
# Subtest: manual review is distinct from research reopen
ok 363 - manual review is distinct from research reopen
  ---
  duration_ms: 0.185297
  type: 'test'
  ...
# Subtest: pilot designs validate across A-type, BT and smart-slot AT
ok 364 - pilot designs validate across A-type, BT and smart-slot AT
  ---
  duration_ms: 0.538182
  type: 'test'
  ...
# Subtest: independent evidence group requires Selection source id
ok 365 - independent evidence group requires Selection source id
  ---
  duration_ms: 0.308628
  type: 'test'
  ...
# Subtest: published machine UI section titles never expose internal category identifiers
ok 366 - published machine UI section titles never expose internal category identifiers
  ---
  duration_ms: 20.498442
  type: 'test'
  ...
# Subtest: selection summary requiredTrials never publishes migration placeholder units
ok 367 - selection summary requiredTrials never publishes migration placeholder units
  ---
  duration_ms: 15.757657
  type: 'test'
  ...
# Subtest: Eureka legacy reference-only inputs are not published after selection-policy migration
ok 368 - Eureka legacy reference-only inputs are not published after selection-policy migration
  ---
  duration_ms: 0.214808
  type: 'test'
  ...
# Subtest: S_REVUE_STARLIGHT_CX user-verified UI lock
ok 369 - S_REVUE_STARLIGHT_CX user-verified UI lock
  ---
  duration_ms: 2.092169
  type: 'test'
  ...
# Subtest: user-verified UX contracts remain compatible with generated machine packages
ok 370 - user-verified UX contracts remain compatible with generated machine packages
  ---
  duration_ms: 3.688561
  type: 'test'
  ...
# Subtest: known unresolved historical UX is REVIEW, not silently guessed or treated as ERROR
ok 371 - known unresolved historical UX is REVIEW, not silently guessed or treated as ERROR
  ---
  duration_ms: 0.657022
  type: 'test'
  ...
# Subtest: Isekai Quartet protects the verified absence of generic current-games inputs
ok 372 - Isekai Quartet protects the verified absence of generic current-games inputs
  ---
  duration_ms: 0.426902
  type: 'test'
  ...
# Subtest: L_MONSTER_HUNTER_RISE_XA: every active Selection Feature has a usable Observation v2 mapping
ok 373 - L_MONSTER_HUNTER_RISE_XA: every active Selection Feature has a usable Observation v2 mapping
  ---
  duration_ms: 1.176866
  type: 'test'
  ...
# Subtest: L_SHIN_IKKITOUSEN_V: every active Selection Feature has a usable Observation v2 mapping
ok 374 - L_SHIN_IKKITOUSEN_V: every active Selection Feature has a usable Observation v2 mapping
  ---
  duration_ms: 0.353466
  type: 'test'
  ...
# Subtest: S_GRANBELM_ZX: every active Selection Feature has a usable Observation v2 mapping
ok 375 - S_GRANBELM_ZX: every active Selection Feature has a usable Observation v2 mapping
  ---
  duration_ms: 0.411884
  type: 'test'
  ...
# Subtest: S_ODANOBUNA_ZENKOKU_SNT: every active Selection Feature has a usable Observation v2 mapping
ok 376 - S_ODANOBUNA_ZENKOKU_SNT: every active Selection Feature has a usable Observation v2 mapping
  ---
  duration_ms: 0.209579
  type: 'test'
  ...
# Subtest: Granbelm Nakami mappings remain cycle-condition separated
ok 377 - Granbelm Nakami mappings remain cycle-condition separated
  ---
  duration_ms: 0.263037
  type: 'test'
  ...
# Subtest: v6.4 causal review has no unresolved candidates
ok 378 - v6.4 causal review has no unresolved candidates
  ---
  duration_ms: 1.940857
  type: 'test'
  ...
# Subtest: new causal-reason candidates are treated as review drift
ok 379 - new causal-reason candidates are treated as review drift
  ---
  duration_ms: 0.372773
  type: 'test'
  ...
# Subtest: finds legacy evidence-overlap numeric rejection even on old schema
ok 380 - finds legacy evidence-overlap numeric rejection even on old schema
  ---
  duration_ms: 7.667119
  type: 'test'
  ...
# Subtest: all-zero pseudo probabilities used only as Evidence sentinel are not numeric candidates
ok 381 - all-zero pseudo probabilities used only as Evidence sentinel are not numeric candidates
  ---
  duration_ms: 0.573598
  type: 'test'
  ...
# Subtest: generic BIG/REG wording alone does not imply same observation as ending-screen Evidence
ok 382 - generic BIG/REG wording alone does not imply same observation as ending-screen Evidence
  ---
  duration_ms: 0.786393
  type: 'test'
  ...
# Subtest: missing legacy scalar feature is treated as consolidated when its input is owned by an active composite
ok 383 - missing legacy scalar feature is treated as consolidated when its input is owned by an active composite
  ---
  duration_ms: 1.322674
  type: 'test'
  ...
# Subtest: undeclared package feature/evidence overlap is HIGH_RISK
ok 384 - undeclared package feature/evidence overlap is HIGH_RISK
  ---
  duration_ms: 0.620676
  type: 'test'
  ...
# Subtest: declared shared feature/evidence contract passes
ok 385 - declared shared feature/evidence contract passes
  ---
  duration_ms: 0.504766
  type: 'test'
  ...
# Subtest: all observation debt is classified without weakening inference gates
ok 386 - all observation debt is classified without weakening inference gates
  ---
  duration_ms: 30.493334
  type: 'test'
  ...
# Subtest: L_AKAME_GA_KILL_2: new Observation v2 covers every active inference Feature
ok 387 - L_AKAME_GA_KILL_2: new Observation v2 covers every active inference Feature
  ---
  duration_ms: 1.013065
  type: 'test'
  ...
# Subtest: L_GOD_EATER_RESURRECTION: new Observation v2 covers every active inference Feature
ok 388 - L_GOD_EATER_RESURRECTION: new Observation v2 covers every active inference Feature
  ---
  duration_ms: 0.24895
  type: 'test'
  ...
# Subtest: S_BUSOU_SHINKI: new Observation v2 covers every active inference Feature
ok 389 - S_BUSOU_SHINKI: new Observation v2 covers every active inference Feature
  ---
  duration_ms: 0.775681
  type: 'test'
  ...
# Subtest: S_FIRE_DRIFT: Observation v2 covers active inference Features
ok 390 - S_FIRE_DRIFT: Observation v2 covers active inference Features
  ---
  duration_ms: 1.093429
  type: 'test'
  ...
# Subtest: S_NINJA_JAJAMARU: Observation v2 covers active inference Features
ok 391 - S_NINJA_JAJAMARU: Observation v2 covers active inference Features
  ---
  duration_ms: 0.802993
  type: 'test'
  ...
# Subtest: L_ONE_PUNCH_MAN: Observation v2 covers active inference Features
ok 392 - L_ONE_PUNCH_MAN: Observation v2 covers active inference Features
  ---
  duration_ms: 0.312314
  type: 'test'
  ...
# Subtest: One Punch small roles are one mutually-exclusive observation universe
ok 393 - One Punch small roles are one mutually-exclusive observation universe
  ---
  duration_ms: 0.21938
  type: 'test'
  ...
# Subtest: Ninja Sakura clear uses one conditional visual-event observation
ok 394 - Ninja Sakura clear uses one conditional visual-event observation
  ---
  duration_ms: 0.185042
  type: 'test'
  ...
# Subtest: L_BOUNTY_ANGEL: Observation v2 covers active inference Features
ok 395 - L_BOUNTY_ANGEL: Observation v2 covers active inference Features
  ---
  duration_ms: 1.089378
  type: 'test'
  ...
# Subtest: L_ZOMBIE_LAND_SAGA: Observation v2 covers active inference Features
ok 396 - L_ZOMBIE_LAND_SAGA: Observation v2 covers active inference Features
  ---
  duration_ms: 0.865506
  type: 'test'
  ...
# Subtest: Bounty reset AT direct uses confirmed-reset sessions only
ok 397 - Bounty reset AT direct uses confirmed-reset sessions only
  ---
  duration_ms: 0.267624
  type: 'test'
  ...
# Subtest: Zombie WAF denominator and success share one CZ natural observation
ok 398 - Zombie WAF denominator and success share one CZ natural observation
  ---
  duration_ms: 0.212872
  type: 'test'
  ...
# Subtest: S_GAMERA2: Observation v2 covers every active inference Feature
ok 399 - S_GAMERA2: Observation v2 covers every active inference Feature
  ---
  duration_ms: 1.834418
  type: 'test'
  ...
# Subtest: S_WORD_OF_LIGHTS_2: Observation v2 covers every active inference Feature
ok 400 - S_WORD_OF_LIGHTS_2: Observation v2 covers every active inference Feature
  ---
  duration_ms: 0.27705
  type: 'test'
  ...
# Subtest: Gamera primary linked-service path is separate from manual bonus fallback
ok 401 - Gamera primary linked-service path is separate from manual bonus fallback
  ---
  duration_ms: 0.155142
  type: 'test'
  ...
# Subtest: Gamera ending screen is one four-category Numeric/Evidence observation
ok 402 - Gamera ending screen is one four-category Numeric/Evidence observation
  ---
  duration_ms: 0.261129
  type: 'test'
  ...
# Subtest: Gamera REG monster observation is multi-label, not a multinomial claim
ok 403 - Gamera REG monster observation is multi-label, not a multinomial claim
  ---
  duration_ms: 0.146183
  type: 'test'
  ...
# Subtest: Word primary Unimemo path is separate from BIG fallback
ok 404 - Word primary Unimemo path is separate from BIG fallback
  ---
  duration_ms: 0.189195
  type: 'test'
  ...
# Subtest: Word screen and magic keep full natural-observation categories
ok 405 - Word screen and magic keep full natural-observation categories
  ---
  duration_ms: 0.162395
  type: 'test'
  ...
# Subtest: clean v2 active Feature mapping passes
ok 406 - clean v2 active Feature mapping passes
  ---
  duration_ms: 1.906104
  type: 'test'
  ...
# Subtest: legacy v1 is REVIEW, while unresolved legacy surfaces are debt
ok 407 - legacy v1 is REVIEW, while unresolved legacy surfaces are debt
  ---
  duration_ms: 0.476281
  type: 'test'
  ...
# Subtest: missing active Feature mapping is REVIEW
ok 408 - missing active Feature mapping is REVIEW
  ---
  duration_ms: 0.296693
  type: 'test'
  ...
# Subtest: explicit incompatible active Feature is HIGH_RISK
ok 409 - explicit incompatible active Feature is HIGH_RISK
  ---
  duration_ms: 0.751889
  type: 'test'
  ...
# Subtest: missing referenced Observation is HIGH_RISK
ok 410 - missing referenced Observation is HIGH_RISK
  ---
  duration_ms: 0.416446
  type: 'test'
  ...
# Subtest: unresolved active Observation remains REVIEW even when general coverage debt also exists
ok 411 - unresolved active Observation remains REVIEW even when general coverage debt also exists
  ---
  duration_ms: 0.357785
  type: 'test'
  ...
# Subtest: unresolved unrelated source coverage alone is debt and does not fail active inference linkage
ok 412 - unresolved unrelated source coverage alone is debt and does not fail active inference linkage
  ---
  duration_ms: 0.365349
  type: 'test'
  ...
# Subtest: L_MOMOTARO_DENTETSU_TEIBAN_PU: unresolved Observation candidates are not published as active inference inputs
ok 413 - L_MOMOTARO_DENTETSU_TEIBAN_PU: unresolved Observation candidates are not published as active inference inputs
  ---
  duration_ms: 0.915997
  type: 'test'
  ...
# Subtest: L_SMASLO_DUNBINE_MF: unresolved Observation candidates are not published as active inference inputs
ok 414 - L_SMASLO_DUNBINE_MF: unresolved Observation candidates are not published as active inference inputs
  ---
  duration_ms: 0.463313
  type: 'test'
  ...
# Subtest: S_OVERLORD_II_SX: unresolved Observation candidates are not published as active inference inputs
ok 415 - S_OVERLORD_II_SX: unresolved Observation candidates are not published as active inference inputs
  ---
  duration_ms: 0.230296
  type: 'test'
  ...
1..415
# tests 415
# suites 0
# pass 415
# fail 0
# cancelled 0
# skipped 0
# todo 0
# duration_ms 6836.066141

> sloanalytica-public-data@1.0.0 audit
> node tools/audit-public-data.mjs

ERROR [LB_1000CHAN_ALPHA_L3 (machines/LB_1000CHAN_ALPHA_L3/machine-package.json) feature:FEAT_ALL_BONUS_TOTAL] 設定別確率に未定義の設定SET_Hがあります
WARNING [catalog:L_MIDORIDON_VIVA_REVIVAL_FY] requiredCapabilitiesのfeature_suppressionはMachineDataから検出されません
FAILED: 210機種を監査しました（エラー 1件、警告 1件）
BATCH ROLLBACK: restored catalog, difficulty catalog, machine registry and machine packages
ERROR: npm run audit failed with exit 1

APPLY_EXIT_STATUS=1
