L_ENEN_NO_SHOUBOUTAI_JG: Feature/Evidence ownership remediation complete
S_HARD_BOILED_XX: Feature/Evidence ownership remediation complete
OK: SelectionDataを検証しました（警告 0件）
Machine Observation Data files: 1
Machine Observation Data validation: PASS (0 compatibility warnings)
UI Design -> Observation linkage: PASS / machines 1 / warnings 0
Four-layer Pipeline Gate: PASS / machines 1 / unresolved 1
PASS_WITH_UNRESOLVED: L_ENEN_NO_SHOUBOUTAI_JG

> sloanalytica-public-data@1.0.0 machine:pipeline
> node tools/guard-machine-pipeline.mjs single L_ENEN_NO_SHOUBOUTAI_JG --check --skip-repo-checks

ERROR [machine completeness guard] L_ENEN_NO_SHOUBOUTAI_JG: evidenceReview.policyVersion must be 1
node:internal/errors:983
  const err = new Error(message);
              ^

Error: Command failed: npm run machine:pipeline -- L_ENEN_NO_SHOUBOUTAI_JG --check --skip-repo-checks
    at genericNodeError (node:internal/errors:983:15)
    at wrappedFn (node:internal/errors:537:14)
    at checkExecSyncError (node:child_process:916:11)
    at execSync (node:child_process:988:15)
    at run (file:///home/runner/work/sloanalytica-data/sloanalytica-data/tools/run-evidence-ui-v2-review-ownership-batch1.mjs:5:16)
    at file:///home/runner/work/sloanalytica-data/sloanalytica-data/tools/run-evidence-ui-v2-review-ownership-batch1.mjs:12:3
    at ModuleJob.run (node:internal/modules/esm/module_job:343:25)
    at async onImport.tracePromise.__proto__ (node:internal/modules/esm/loader:681:26)
    at async asyncRunEntryPointWithESMLoader (node:internal/modules/run_main:117:5) {
  status: 1,
  signal: null,
  output: [ null, null, null ],
  pid: 2320,
  stdout: null,
  stderr: null
}

Node.js v22.23.2
