exitCode=1
head=ba709e3a604f68c46cf804a9ad7f76e1c2ae1b6f
--- last 240 lines ---
# Subtest: finds legacy evidence-overlap numeric rejection even on old schema
ok 380 - finds legacy evidence-overlap numeric rejection even on old schema
  ---
  duration_ms: 12.406975
  type: 'test'
  ...
# Subtest: all-zero pseudo probabilities used only as Evidence sentinel are not numeric candidates
ok 381 - all-zero pseudo probabilities used only as Evidence sentinel are not numeric candidates
  ---
  duration_ms: 1.057377
  type: 'test'
  ...
# Subtest: generic BIG/REG wording alone does not imply same observation as ending-screen Evidence
ok 382 - generic BIG/REG wording alone does not imply same observation as ending-screen Evidence
  ---
  duration_ms: 1.346336
  type: 'test'
  ...
# Subtest: missing legacy scalar feature is treated as consolidated when its input is owned by an active composite
ok 383 - missing legacy scalar feature is treated as consolidated when its input is owned by an active composite
  ---
  duration_ms: 1.996545
  type: 'test'
  ...
# Subtest: undeclared package feature/evidence overlap is HIGH_RISK
ok 384 - undeclared package feature/evidence overlap is HIGH_RISK
  ---
  duration_ms: 1.017433
  type: 'test'
  ...
# Subtest: declared shared feature/evidence contract passes
ok 385 - declared shared feature/evidence contract passes
  ---
  duration_ms: 0.954597
  type: 'test'
  ...
# Subtest: all observation debt is classified without weakening inference gates
ok 386 - all observation debt is classified without weakening inference gates
  ---
  duration_ms: 46.546257
  type: 'test'
  ...
# Subtest: L_AKAME_GA_KILL_2: new Observation v2 covers every active inference Feature
ok 387 - L_AKAME_GA_KILL_2: new Observation v2 covers every active inference Feature
  ---
  duration_ms: 1.670278
  type: 'test'
  ...
# Subtest: L_GOD_EATER_RESURRECTION: new Observation v2 covers every active inference Feature
ok 388 - L_GOD_EATER_RESURRECTION: new Observation v2 covers every active inference Feature
  ---
  duration_ms: 0.374096
  type: 'test'
  ...
# Subtest: S_BUSOU_SHINKI: new Observation v2 covers every active inference Feature
ok 389 - S_BUSOU_SHINKI: new Observation v2 covers every active inference Feature
  ---
  duration_ms: 1.040737
  type: 'test'
  ...
# Subtest: S_FIRE_DRIFT: Observation v2 covers active inference Features
ok 390 - S_FIRE_DRIFT: Observation v2 covers active inference Features
  ---
  duration_ms: 1.75738
  type: 'test'
  ...
# Subtest: S_NINJA_JAJAMARU: Observation v2 covers active inference Features
ok 391 - S_NINJA_JAJAMARU: Observation v2 covers active inference Features
  ---
  duration_ms: 1.011853
  type: 'test'
  ...
# Subtest: L_ONE_PUNCH_MAN: Observation v2 covers active inference Features
ok 392 - L_ONE_PUNCH_MAN: Observation v2 covers active inference Features
  ---
  duration_ms: 0.409352
  type: 'test'
  ...
# Subtest: One Punch small roles are one mutually-exclusive observation universe
ok 393 - One Punch small roles are one mutually-exclusive observation universe
  ---
  duration_ms: 0.323982
  type: 'test'
  ...
# Subtest: Ninja Sakura clear uses one conditional visual-event observation
ok 394 - Ninja Sakura clear uses one conditional visual-event observation
  ---
  duration_ms: 0.34961
  type: 'test'
  ...
# Subtest: L_BOUNTY_ANGEL: Observation v2 covers active inference Features
ok 395 - L_BOUNTY_ANGEL: Observation v2 covers active inference Features
  ---
  duration_ms: 1.768811
  type: 'test'
  ...
# Subtest: L_ZOMBIE_LAND_SAGA: Observation v2 covers active inference Features
ok 396 - L_ZOMBIE_LAND_SAGA: Observation v2 covers active inference Features
  ---
  duration_ms: 1.136354
  type: 'test'
  ...
# Subtest: Bounty reset AT direct uses confirmed-reset sessions only
ok 397 - Bounty reset AT direct uses confirmed-reset sessions only
  ---
  duration_ms: 0.385658
  type: 'test'
  ...
# Subtest: Zombie WAF denominator and success share one CZ natural observation
ok 398 - Zombie WAF denominator and success share one CZ natural observation
  ---
  duration_ms: 0.343909
  type: 'test'
  ...
# Subtest: S_GAMERA2: Observation v2 covers every active inference Feature
ok 399 - S_GAMERA2: Observation v2 covers every active inference Feature
  ---
  duration_ms: 2.613142
  type: 'test'
  ...
# Subtest: S_WORD_OF_LIGHTS_2: Observation v2 covers every active inference Feature
ok 400 - S_WORD_OF_LIGHTS_2: Observation v2 covers every active inference Feature
  ---
  duration_ms: 0.391007
  type: 'test'
  ...
# Subtest: Gamera primary linked-service path is separate from manual bonus fallback
ok 401 - Gamera primary linked-service path is separate from manual bonus fallback
  ---
  duration_ms: 0.268179
  type: 'test'
  ...
# Subtest: Gamera ending screen is one four-category Numeric/Evidence observation
ok 402 - Gamera ending screen is one four-category Numeric/Evidence observation
  ---
  duration_ms: 0.428567
  type: 'test'
  ...
# Subtest: Gamera REG monster observation is multi-label, not a multinomial claim
ok 403 - Gamera REG monster observation is multi-label, not a multinomial claim
  ---
  duration_ms: 0.249444
  type: 'test'
  ...
# Subtest: Word primary Unimemo path is separate from BIG fallback
ok 404 - Word primary Unimemo path is separate from BIG fallback
  ---
  duration_ms: 0.359158
  type: 'test'
  ...
# Subtest: Word screen and magic keep full natural-observation categories
ok 405 - Word screen and magic keep full natural-observation categories
  ---
  duration_ms: 0.308284
  type: 'test'
  ...
# Subtest: clean v2 active Feature mapping passes
ok 406 - clean v2 active Feature mapping passes
  ---
  duration_ms: 3.112532
  type: 'test'
  ...
# Subtest: legacy v1 is REVIEW, while unresolved legacy surfaces are debt
ok 407 - legacy v1 is REVIEW, while unresolved legacy surfaces are debt
  ---
  duration_ms: 0.830806
  type: 'test'
  ...
# Subtest: missing active Feature mapping is REVIEW
ok 408 - missing active Feature mapping is REVIEW
  ---
  duration_ms: 0.617309
  type: 'test'
  ...
# Subtest: explicit incompatible active Feature is HIGH_RISK
ok 409 - explicit incompatible active Feature is HIGH_RISK
  ---
  duration_ms: 1.156201
  type: 'test'
  ...
# Subtest: missing referenced Observation is HIGH_RISK
ok 410 - missing referenced Observation is HIGH_RISK
  ---
  duration_ms: 0.654988
  type: 'test'
  ...
# Subtest: unresolved active Observation remains REVIEW even when general coverage debt also exists
ok 411 - unresolved active Observation remains REVIEW even when general coverage debt also exists
  ---
  duration_ms: 0.657623
  type: 'test'
  ...
# Subtest: unresolved unrelated source coverage alone is debt and does not fail active inference linkage
ok 412 - unresolved unrelated source coverage alone is debt and does not fail active inference linkage
  ---
  duration_ms: 0.696236
  type: 'test'
  ...
# Subtest: L_MOMOTARO_DENTETSU_TEIBAN_PU: unresolved Observation candidates are not published as active inference inputs
ok 413 - L_MOMOTARO_DENTETSU_TEIBAN_PU: unresolved Observation candidates are not published as active inference inputs
  ---
  duration_ms: 1.485374
  type: 'test'
  ...
# Subtest: L_SMASLO_DUNBINE_MF: unresolved Observation candidates are not published as active inference inputs
ok 414 - L_SMASLO_DUNBINE_MF: unresolved Observation candidates are not published as active inference inputs
  ---
  duration_ms: 0.652224
  type: 'test'
  ...
# Subtest: S_OVERLORD_II_SX: unresolved Observation candidates are not published as active inference inputs
ok 415 - S_OVERLORD_II_SX: unresolved Observation candidates are not published as active inference inputs
  ---
  duration_ms: 0.355401
  type: 'test'
  ...
1..415
# tests 415
# suites 0
# pass 415
# fail 0
# cancelled 0
# skipped 0
# todo 0
# duration_ms 9396.770853

> sloanalytica-public-data@1.0.0 audit
> node tools/audit-public-data.mjs

ERROR [L_TAKT_OP_DESTINY_M1 (machines/L_TAKT_OP_DESTINY_M1/machine-package.json) feature:FEAT_CZ_TYPE.SET_2] カテゴリ確率の合計が1を超えています: 1.001
ERROR [L_BIOHAZARD_RE3_ZD (machines/L_BIOHAZARD_RE3_ZD/machine-package.json) feature:FEAT_NE_POINT_DISTRIBUTION.SET_3] カテゴリ確率の合計が1を超えています: 1.001
ERROR [L_BIOHAZARD_RE3_ZD (machines/L_BIOHAZARD_RE3_ZD/machine-package.json) feature:FEAT_NE_POINT_DISTRIBUTION.SET_4] カテゴリ確率の合計が1を超えています: 1.001
ERROR [L_BIOHAZARD_RE3_ZD (machines/L_BIOHAZARD_RE3_ZD/machine-package.json) feature:FEAT_NE_POINT_DISTRIBUTION.SET_6] カテゴリ確率の合計が1を超えています: 1.001
ERROR [L_BIG_DREAM_GOLDEN_PUSHER_KR (machines/L_BIG_DREAM_GOLDEN_PUSHER_KR/machine-package.json) feature:FEAT_STATION_INITIAL_BALLS.SET_6] カテゴリ確率の合計が1を超えています: 1.0010000000000001
WARNING [catalog:L_MIDORIDON_VIVA_REVIVAL_FY] requiredCapabilitiesのfeature_suppressionはMachineDataから検出されません
WARNING [catalog:S_KABANERI_ZR] requiredCapabilitiesのfeature_suppressionはMachineDataから検出されません
WARNING [catalog:S_KABANERI_ZR] requiredCapabilitiesのevidence_multi_selectはMachineDataから検出されません
FAILED: 260機種を監査しました（エラー 5件、警告 3件）
BATCH ROLLBACK: restored catalog, difficulty catalog, machine registry and machine packages
ERROR: npm run audit failed with exit 1
